Archive member included to satisfy reference by file (symbol)

/usr/lib/gcc/arm-none-eabi/10.3.1/../../../arm-none-eabi/lib/thumb/v7-m/nofp/libc_nano.a(lib_a-atexit.o)
                              /usr/lib/gcc/arm-none-eabi/10.3.1/../../../arm-none-eabi/lib/thumb/v7-m/nofp/crt0.o (atexit)
/usr/lib/gcc/arm-none-eabi/10.3.1/../../../arm-none-eabi/lib/thumb/v7-m/nofp/libc_nano.a(lib_a-errno.o)
                              build/sysmem.o (__errno)
/usr/lib/gcc/arm-none-eabi/10.3.1/../../../arm-none-eabi/lib/thumb/v7-m/nofp/libc_nano.a(lib_a-exit.o)
                              /usr/lib/gcc/arm-none-eabi/10.3.1/../../../arm-none-eabi/lib/thumb/v7-m/nofp/crt0.o (exit)
/usr/lib/gcc/arm-none-eabi/10.3.1/../../../arm-none-eabi/lib/thumb/v7-m/nofp/libc_nano.a(lib_a-fini.o)
                              /usr/lib/gcc/arm-none-eabi/10.3.1/../../../arm-none-eabi/lib/thumb/v7-m/nofp/crt0.o (__libc_fini_array)
/usr/lib/gcc/arm-none-eabi/10.3.1/../../../arm-none-eabi/lib/thumb/v7-m/nofp/libc_nano.a(lib_a-impure.o)
                              /usr/lib/gcc/arm-none-eabi/10.3.1/../../../arm-none-eabi/lib/thumb/v7-m/nofp/libc_nano.a(lib_a-exit.o) (_global_impure_ptr)
/usr/lib/gcc/arm-none-eabi/10.3.1/../../../arm-none-eabi/lib/thumb/v7-m/nofp/libc_nano.a(lib_a-init.o)
                              /usr/lib/gcc/arm-none-eabi/10.3.1/../../../arm-none-eabi/lib/thumb/v7-m/nofp/crt0.o (__libc_init_array)
/usr/lib/gcc/arm-none-eabi/10.3.1/../../../arm-none-eabi/lib/thumb/v7-m/nofp/libc_nano.a(lib_a-memcpy.o)
                              build/ssdv.o (memcpy)
/usr/lib/gcc/arm-none-eabi/10.3.1/../../../arm-none-eabi/lib/thumb/v7-m/nofp/libc_nano.a(lib_a-memmove.o)
                              build/rs8.o (memmove)
/usr/lib/gcc/arm-none-eabi/10.3.1/../../../arm-none-eabi/lib/thumb/v7-m/nofp/libc_nano.a(lib_a-memset.o)
                              /usr/lib/gcc/arm-none-eabi/10.3.1/../../../arm-none-eabi/lib/thumb/v7-m/nofp/crt0.o (memset)
/usr/lib/gcc/arm-none-eabi/10.3.1/../../../arm-none-eabi/lib/thumb/v7-m/nofp/libc_nano.a(lib_a-printf.o)
                              build/i2c_slave.o (printf)
/usr/lib/gcc/arm-none-eabi/10.3.1/../../../arm-none-eabi/lib/thumb/v7-m/nofp/libc_nano.a(lib_a-putchar.o)
                              build/camera.o (putchar)
/usr/lib/gcc/arm-none-eabi/10.3.1/../../../arm-none-eabi/lib/thumb/v7-m/nofp/libc_nano.a(lib_a-puts.o)
                              build/main.o (puts)
/usr/lib/gcc/arm-none-eabi/10.3.1/../../../arm-none-eabi/lib/thumb/v7-m/nofp/libc_nano.a(lib_a-wbuf.o)
                              /usr/lib/gcc/arm-none-eabi/10.3.1/../../../arm-none-eabi/lib/thumb/v7-m/nofp/libc_nano.a(lib_a-puts.o) (__swbuf_r)
/usr/lib/gcc/arm-none-eabi/10.3.1/../../../arm-none-eabi/lib/thumb/v7-m/nofp/libc_nano.a(lib_a-wsetup.o)
                              /usr/lib/gcc/arm-none-eabi/10.3.1/../../../arm-none-eabi/lib/thumb/v7-m/nofp/libc_nano.a(lib_a-puts.o) (__swsetup_r)
/usr/lib/gcc/arm-none-eabi/10.3.1/../../../arm-none-eabi/lib/thumb/v7-m/nofp/libc_nano.a(lib_a-__atexit.o)
                              /usr/lib/gcc/arm-none-eabi/10.3.1/../../../arm-none-eabi/lib/thumb/v7-m/nofp/libc_nano.a(lib_a-atexit.o) (__register_exitproc)
/usr/lib/gcc/arm-none-eabi/10.3.1/../../../arm-none-eabi/lib/thumb/v7-m/nofp/libc_nano.a(lib_a-__call_atexit.o)
                              /usr/lib/gcc/arm-none-eabi/10.3.1/../../../arm-none-eabi/lib/thumb/v7-m/nofp/libc_nano.a(lib_a-__atexit.o) (__call_exitprocs)
/usr/lib/gcc/arm-none-eabi/10.3.1/../../../arm-none-eabi/lib/thumb/v7-m/nofp/libc_nano.a(lib_a-fflush.o)
                              /usr/lib/gcc/arm-none-eabi/10.3.1/../../../arm-none-eabi/lib/thumb/v7-m/nofp/libc_nano.a(lib_a-wbuf.o) (_fflush_r)
/usr/lib/gcc/arm-none-eabi/10.3.1/../../../arm-none-eabi/lib/thumb/v7-m/nofp/libc_nano.a(lib_a-findfp.o)
                              /usr/lib/gcc/arm-none-eabi/10.3.1/../../../arm-none-eabi/lib/thumb/v7-m/nofp/libc_nano.a(lib_a-printf.o) (__sinit)
/usr/lib/gcc/arm-none-eabi/10.3.1/../../../arm-none-eabi/lib/thumb/v7-m/nofp/libc_nano.a(lib_a-fwalk.o)
                              /usr/lib/gcc/arm-none-eabi/10.3.1/../../../arm-none-eabi/lib/thumb/v7-m/nofp/libc_nano.a(lib_a-findfp.o) (_fwalk)
/usr/lib/gcc/arm-none-eabi/10.3.1/../../../arm-none-eabi/lib/thumb/v7-m/nofp/libc_nano.a(lib_a-makebuf.o)
                              /usr/lib/gcc/arm-none-eabi/10.3.1/../../../arm-none-eabi/lib/thumb/v7-m/nofp/libc_nano.a(lib_a-wsetup.o) (__smakebuf_r)
/usr/lib/gcc/arm-none-eabi/10.3.1/../../../arm-none-eabi/lib/thumb/v7-m/nofp/libc_nano.a(lib_a-nano-freer.o)
                              /usr/lib/gcc/arm-none-eabi/10.3.1/../../../arm-none-eabi/lib/thumb/v7-m/nofp/libc_nano.a(lib_a-wsetup.o) (_free_r)
/usr/lib/gcc/arm-none-eabi/10.3.1/../../../arm-none-eabi/lib/thumb/v7-m/nofp/libc_nano.a(lib_a-nano-mallocr.o)
                              /usr/lib/gcc/arm-none-eabi/10.3.1/../../../arm-none-eabi/lib/thumb/v7-m/nofp/libc_nano.a(lib_a-findfp.o) (_malloc_r)
[...]
Memory Configuration

Name             Origin             Length             Attributes
RAM              0x0000000020000000 0x0000000000005000 xrw
FLASH            0x0000000008000000 0x0000000000020000 xr
*default*        0x0000000000000000 0xffffffffffffffff

Linker script and memory map

LOAD /usr/lib/gcc/arm-none-eabi/10.3.1/thumb/v7-m/nofp/crti.o
LOAD /usr/lib/gcc/arm-none-eabi/10.3.1/thumb/v7-m/nofp/crtbegin.o
LOAD /usr/lib/gcc/arm-none-eabi/10.3.1/../../../arm-none-eabi/lib/thumb/v7-m/nofp/crt0.o
LOAD build/main.o
LOAD build/gpio.o
LOAD build/i2c.o
LOAD build/usart.o
LOAD build/stm32f1xx_it.o
LOAD build/stm32f1xx_hal_msp.o
LOAD build/stm32f1xx_hal_gpio_ex.o
LOAD build/stm32f1xx_hal_i2c.o
LOAD build/stm32f1xx_hal.o
LOAD build/stm32f1xx_hal_rcc.o
LOAD build/stm32f1xx_hal_rcc_ex.o
LOAD build/stm32f1xx_hal_gpio.o
LOAD build/stm32f1xx_hal_dma.o
LOAD build/stm32f1xx_hal_cortex.o
LOAD build/stm32f1xx_hal_pwr.o
LOAD build/stm32f1xx_hal_flash.o
LOAD build/stm32f1xx_hal_flash_ex.o
LOAD build/stm32f1xx_hal_exti.o
LOAD build/stm32f1xx_hal_tim.o
LOAD build/stm32f1xx_hal_tim_ex.o
LOAD build/stm32f1xx_hal_uart.o
LOAD build/system_stm32f1xx.o
LOAD build/sysmem.o
LOAD build/syscalls.o
LOAD build/spi.o
LOAD build/stm32f1xx_hal_spi.o
LOAD build/i2c_slave.o
LOAD build/flash.o
LOAD build/rs8.o
LOAD build/ssdv.o
LOAD build/camera.o
LOAD build/watchdog.o
LOAD build/startup_stm32f103xb.o
LOAD /usr/lib/gcc/arm-none-eabi/10.3.1/../../../arm-none-eabi/lib/thumb/v7-m/nofp/libc_nano.a
LOAD /usr/lib/gcc/arm-none-eabi/10.3.1/../../../arm-none-eabi/lib/thumb/v7-m/nofp/libm.a
LOAD /usr/lib/gcc/arm-none-eabi/10.3.1/../../../arm-none-eabi/lib/thumb/v7-m/nofp/libnosys.a
START GROUP
LOAD /usr/lib/gcc/arm-none-eabi/10.3.1/thumb/v7-m/nofp/libgcc.a
LOAD /usr/lib/gcc/arm-none-eabi/10.3.1/../../../arm-none-eabi/lib/thumb/v7-m/nofp/libc_nano.a
END GROUP
START GROUP
LOAD /usr/lib/gcc/arm-none-eabi/10.3.1/thumb/v7-m/nofp/libgcc.a
LOAD /usr/lib/gcc/arm-none-eabi/10.3.1/../../../arm-none-eabi/lib/thumb/v7-m/nofp/libc_nano.a
END GROUP
LOAD /usr/lib/gcc/arm-none-eabi/10.3.1/thumb/v7-m/nofp/crtend.o
LOAD /usr/lib/gcc/arm-none-eabi/10.3.1/thumb/v7-m/nofp/crtn.o
                0x0000000020005000                _estack = (ORIGIN (RAM) + LENGTH (RAM))
                0x0000000000000200                _Min_Heap_Size = 0x200
                0x0000000000000400                _Min_Stack_Size = 0x400

.isr_vector     0x0000000008000000      0x10c
                0x0000000008000000                . = ALIGN (0x4)
 *(.isr_vector)
 .isr_vector    0x0000000008000000      0x10c build/startup_stm32f103xb.o
                0x0000000008000000                g_pfnVectors
                0x000000000800010c                . = ALIGN (0x4)

.text           0x000000000800010c     0x6230
                0x000000000800010c                . = ALIGN (0x4)
 *(.text)
 .text          0x000000000800010c       0x88 /usr/lib/gcc/arm-none-eabi/10.3.1/thumb/v7-m/nofp/crtbegin.o
 .text          0x0000000008000194        0xc /usr/lib/gcc/arm-none-eabi/10.3.1/../../../arm-none-eabi/lib/thumb/v7-m/nofp/libc_nano.a(lib_a-errno.o)
                0x0000000008000194                __errno
 .text          0x00000000080001a0       0x48 /usr/lib/gcc/arm-none-eabi/10.3.1/../../../arm-none-eabi/lib/thumb/v7-m/nofp/libc_nano.a(lib_a-init.o)
                0x00000000080001a0                __libc_init_array
 .text          0x00000000080001e8       0xec /usr/lib/gcc/arm-none-eabi/10.3.1/../../../arm-none-eabi/lib/thumb/v7-m/nofp/libc_nano.a(lib_a-memcpy.o)
                0x00000000080001e8                memcpy
 .text          0x00000000080002d4       0xf8 /usr/lib/gcc/arm-none-eabi/10.3.1/../../../arm-none-eabi/lib/thumb/v7-m/nofp/libc_nano.a(lib_a-memmove.o)
                0x00000000080002d4                memmove
 .text          0x00000000080003cc       0xa4 /usr/lib/gcc/arm-none-eabi/10.3.1/../../../arm-none-eabi/lib/thumb/v7-m/nofp/libc_nano.a(lib_a-memset.o)
                0x00000000080003cc                memset
 .text          0x0000000008000470       0x60 /usr/lib/gcc/arm-none-eabi/10.3.1/../../../arm-none-eabi/lib/thumb/v7-m/nofp/libc_nano.a(lib_a-printf.o)
                0x0000000008000470                _printf_r
                0x0000000008000470                _iprintf_r
                0x000000000800049c                printf
                0x000000000800049c                iprintf
 .text          0x00000000080004d0       0x58 /usr/lib/gcc/arm-none-eabi/10.3.1/../../../arm-none-eabi/lib/thumb/v7-m/nofp/libc_nano.a(lib_a-putchar.o)
                0x00000000080004d0                _putchar_r
                0x00000000080004f4                putchar
 .text          0x0000000008000528       0xe0 /usr/lib/gcc/arm-none-eabi/10.3.1/../../../arm-none-eabi/lib/thumb/v7-m/nofp/libc_nano.a(lib_a-puts.o)
                0x0000000008000528                _puts_r
                0x00000000080005f8                puts
 .text          0x0000000008000608       0xc4 /usr/lib/gcc/arm-none-eabi/10.3.1/../../../arm-none-eabi/lib/thumb/v7-m/nofp/libc_nano.a(lib_a-wbuf.o)
                0x0000000008000608                __swbuf_r
                0x00000000080006b8                __swbuf
 .text          0x00000000080006cc      0x104 /usr/lib/gcc/arm-none-eabi/10.3.1/../../../arm-none-eabi/lib/thumb/v7-m/nofp/libc_nano.a(lib_a-wsetup.o)
                0x00000000080006cc                __swsetup_r
 .text          0x00000000080007d0      0x1dc /usr/lib/gcc/arm-none-eabi/10.3.1/../../../arm-none-eabi/lib/thumb/v7-m/nofp/libc_nano.a(lib_a-fflush.o)
                0x00000000080007d0                __sflush_r
                0x00000000080008d8                _fflush_r
                0x000000000800092c                fflush
 .text          0x00000000080009ac      0x230 /usr/lib/gcc/arm-none-eabi/10.3.1/../../../arm-none-eabi/lib/thumb/v7-m/nofp/libc_nano.a(lib_a-findfp.o)
                0x00000000080009b0                _cleanup_r
                0x00000000080009c0                __sfmoreglue
                0x00000000080009f0                __sfp
                0x0000000008000b88                _cleanup
                0x0000000008000b9c                __sinit
                0x0000000008000ba4                __sfp_lock_acquire
                0x0000000008000ba8                __sfp_lock_release
                0x0000000008000bac                __sinit_lock_acquire
                0x0000000008000bb0                __sinit_lock_release
                0x0000000008000bb4                __fp_lock_all
                0x0000000008000bc8                __fp_unlock_all
 .text          0x0000000008000bdc       0x88 /usr/lib/gcc/arm-none-eabi/10.3.1/../../../arm-none-eabi/lib/thumb/v7-m/nofp/libc_nano.a(lib_a-fwalk.o)
                0x0000000008000bdc                _fwalk
                0x0000000008000c1c                _fwalk_reent
 .text          0x0000000008000c64      0x11c /usr/lib/gcc/arm-none-eabi/10.3.1/../../../arm-none-eabi/lib/thumb/v7-m/nofp/libc_nano.a(lib_a-makebuf.o)
                0x0000000008000c64                __smakebuf_r
                0x0000000008000d24                __swhatbuf_r
 .text          0x0000000008000d80       0xcc /usr/lib/gcc/arm-none-eabi/10.3.1/../../../arm-none-eabi/lib/thumb/v7-m/nofp/libc_nano.a(lib_a-nano-freer.o)
                0x0000000008000d80                _free_r
 .text          0x0000000008000e4c       0xb8 /usr/lib/gcc/arm-none-eabi/10.3.1/../../../arm-none-eabi/lib/thumb/v7-m/nofp/libc_nano.a(lib_a-nano-mallocr.o)
                0x0000000008000e4c                _malloc_r
 .text          0x0000000008000f04      0x320 /usr/lib/gcc/arm-none-eabi/10.3.1/../../../arm-none-eabi/lib/thumb/v7-m/nofp/libc_nano.a(lib_a-nano-vfprintf.o)
                0x0000000008000f2c                __sfputs_r
                0x0000000008000f5c                __sprint_r
                0x0000000008000f78                _vfiprintf_r
                0x0000000008000f78                _vfprintf_r
                0x0000000008001208                vfiprintf
                0x0000000008001208                vfprintf
 .text          0x0000000008001224      0x3d8 /usr/lib/gcc/arm-none-eabi/10.3.1/../../../arm-none-eabi/lib/thumb/v7-m/nofp/libc_nano.a(lib_a-nano-vfprintf_i.o)
                0x0000000008001224                _printf_common
                0x0000000008001350                _printf_i
 .text          0x00000000080015fc      0x110 /usr/lib/gcc/arm-none-eabi/10.3.1/../../../arm-none-eabi/lib/thumb/v7-m/nofp/libc_nano.a(lib_a-putc.o)
                0x00000000080015fc                _putc_r
                0x0000000008001680                putc
 .text          0x000000000800170c       0x24 /usr/lib/gcc/arm-none-eabi/10.3.1/../../../arm-none-eabi/lib/thumb/v7-m/nofp/libc_nano.a(lib_a-sbrkr.o)
                0x000000000800170c                _sbrk_r
 .text          0x0000000008001730       0x90 /usr/lib/gcc/arm-none-eabi/10.3.1/../../../arm-none-eabi/lib/thumb/v7-m/nofp/libc_nano.a(lib_a-stdio.o)
                0x0000000008001730                __sread
                0x0000000008001754                __seofread
                0x0000000008001758                __swrite
                0x0000000008001798                __sseek
                0x00000000080017b8                __sclose
 .text          0x00000000080017c0       0x2c /usr/lib/gcc/arm-none-eabi/10.3.1/../../../arm-none-eabi/lib/thumb/v7-m/nofp/libc_nano.a(lib_a-writer.o)
                0x00000000080017c0                _write_r
 .text          0x00000000080017ec       0x24 /usr/lib/gcc/arm-none-eabi/10.3.1/../../../arm-none-eabi/lib/thumb/v7-m/nofp/libc_nano.a(lib_a-closer.o)
                0x00000000080017ec                _close_r
 .text          0x0000000008001810       0x28 /usr/lib/gcc/arm-none-eabi/10.3.1/../../../arm-none-eabi/lib/thumb/v7-m/nofp/libc_nano.a(lib_a-fstatr.o)
                0x0000000008001810                _fstat_r
 .text          0x0000000008001838      0x2f0 /usr/lib/gcc/arm-none-eabi/10.3.1/../../../arm-none-eabi/lib/thumb/v7-m/nofp/libc_nano.a(lib_a-fvwrite.o)
                0x0000000008001838                __sfvwrite_r
 .text          0x0000000008001b28       0x24 /usr/lib/gcc/arm-none-eabi/10.3.1/../../../arm-none-eabi/lib/thumb/v7-m/nofp/libc_nano.a(lib_a-isattyr.o)
                0x0000000008001b28                _isatty_r
 .text          0x0000000008001b4c       0x2c /usr/lib/gcc/arm-none-eabi/10.3.1/../../../arm-none-eabi/lib/thumb/v7-m/nofp/libc_nano.a(lib_a-lseekr.o)
                0x0000000008001b4c                _lseek_r
 .text          0x0000000008001b78       0x90 /usr/lib/gcc/arm-none-eabi/10.3.1/../../../arm-none-eabi/lib/thumb/v7-m/nofp/libc_nano.a(lib_a-memchr-stub.o)
                0x0000000008001b78                memchr
 .text          0x0000000008001c08        0x8 /usr/lib/gcc/arm-none-eabi/10.3.1/../../../arm-none-eabi/lib/thumb/v7-m/nofp/libc_nano.a(lib_a-mlock.o)
                0x0000000008001c08                __malloc_lock
                0x0000000008001c0c                __malloc_unlock
 .text          0x0000000008001c10       0x50 /usr/lib/gcc/arm-none-eabi/10.3.1/../../../arm-none-eabi/lib/thumb/v7-m/nofp/libc_nano.a(lib_a-nano-reallocr.o)
                0x0000000008001c10                _realloc_r
 .text          0x0000000008001c60       0x2c /usr/lib/gcc/arm-none-eabi/10.3.1/../../../arm-none-eabi/lib/thumb/v7-m/nofp/libc_nano.a(lib_a-readr.o)
                0x0000000008001c60                _read_r
 .text          0x0000000008001c8c       0x14 /usr/lib/gcc/arm-none-eabi/10.3.1/../../../arm-none-eabi/lib/thumb/v7-m/nofp/libc_nano.a(lib_a-nano-msizer.o)
                0x0000000008001c8c                _malloc_usable_size_r
 *(.text*)
 .text._write   0x0000000008001ca0       0x18 build/main.o
                0x0000000008001ca0                _write
 .text.Error_Handler
                0x0000000008001cb8        0x4 build/main.o
                0x0000000008001cb8                Error_Handler
 .text.SystemClock_Config
                0x0000000008001cbc       0x5e build/main.o
                0x0000000008001cbc                SystemClock_Config
 *fill*         0x0000000008001d1a        0x2 
 .text.main     0x0000000008001d1c       0xec build/main.o
                0x0000000008001d1c                main
 .text.MX_GPIO_Init
                0x0000000008001e08       0xa0 build/gpio.o
                0x0000000008001e08                MX_GPIO_Init
 .text.MX_I2C2_Init
                0x0000000008001ea8       0x3c build/i2c.o
                0x0000000008001ea8                MX_I2C2_Init
 .text.HAL_I2C_MspInit
                0x0000000008001ee4       0x84 build/i2c.o
                0x0000000008001ee4                HAL_I2C_MspInit
 .text.MX_USART1_UART_Init
                0x0000000008001f68       0x34 build/usart.o
                0x0000000008001f68                MX_USART1_UART_Init
 .text.HAL_UART_MspInit
                0x0000000008001f9c       0x78 build/usart.o
                0x0000000008001f9c                HAL_UART_MspInit
 .text.NMI_Handler
                0x0000000008002014        0x2 build/stm32f1xx_it.o
                0x0000000008002014                NMI_Handler
 .text.HardFault_Handler
                0x0000000008002016        0x2 build/stm32f1xx_it.o
                0x0000000008002016                HardFault_Handler
 .text.MemManage_Handler
                0x0000000008002018        0x2 build/stm32f1xx_it.o
                0x0000000008002018                MemManage_Handler
 .text.BusFault_Handler
                0x000000000800201a        0x2 build/stm32f1xx_it.o
                0x000000000800201a                BusFault_Handler
 .text.UsageFault_Handler
                0x000000000800201c        0x2 build/stm32f1xx_it.o
                0x000000000800201c                UsageFault_Handler
 .text.SVC_Handler
                0x000000000800201e        0x2 build/stm32f1xx_it.o
                0x000000000800201e                SVC_Handler
 .text.DebugMon_Handler
                0x0000000008002020        0x2 build/stm32f1xx_it.o
                0x0000000008002020                DebugMon_Handler
 .text.PendSV_Handler
                0x0000000008002022        0x2 build/stm32f1xx_it.o
                0x0000000008002022                PendSV_Handler
 .text.SysTick_Handler
                0x0000000008002024        0x8 build/stm32f1xx_it.o
                0x0000000008002024                SysTick_Handler
 .text.I2C2_EV_IRQHandler
                0x000000000800202c       0x10 build/stm32f1xx_it.o
                0x000000000800202c                I2C2_EV_IRQHandler
 .text.I2C2_ER_IRQHandler
                0x000000000800203c       0x10 build/stm32f1xx_it.o
                0x000000000800203c                I2C2_ER_IRQHandler
 .text.HAL_MspInit
                0x000000000800204c       0x44 build/stm32f1xx_hal_msp.o
                0x000000000800204c                HAL_MspInit
 .text.I2C_Flush_DR
                0x0000000008002090       0x10 build/stm32f1xx_hal_i2c.o
 .text.I2C_Master_SB
                0x00000000080020a0       0xa8 build/stm32f1xx_hal_i2c.o
 .text.I2C_Master_ADD10
                0x0000000008002148       0x2a build/stm32f1xx_hal_i2c.o
 .text.I2C_Master_ADDR
                0x0000000008002172      0x216 build/stm32f1xx_hal_i2c.o
 .text.I2C_SlaveTransmit_BTF
                0x0000000008002388       0x20 build/stm32f1xx_hal_i2c.o
 .text.I2C_SlaveReceive_BTF
                0x00000000080023a8       0x20 build/stm32f1xx_hal_i2c.o
 .text.I2C_WaitOnSTOPRequestThroughIT
                0x00000000080023c8       0x48 build/stm32f1xx_hal_i2c.o
 .text.I2C_ConvertOtherXferOptions
                0x0000000008002410       0x1e build/stm32f1xx_hal_i2c.o
 *fill*         0x000000000800242e        0x2 
 .text.HAL_I2C_Init
                0x0000000008002430      0x1bc build/stm32f1xx_hal_i2c.o
                0x0000000008002430                HAL_I2C_Init
 .text.HAL_I2C_Slave_Seq_Transmit_IT
                0x00000000080025ec       0x90 build/stm32f1xx_hal_i2c.o
                0x00000000080025ec                HAL_I2C_Slave_Seq_Transmit_IT
 .text.HAL_I2C_Slave_Seq_Receive_IT
                0x000000000800267c       0x90 build/stm32f1xx_hal_i2c.o
                0x000000000800267c                HAL_I2C_Slave_Seq_Receive_IT
 .text.HAL_I2C_EnableListen_IT
                0x000000000800270c       0x3e build/stm32f1xx_hal_i2c.o
                0x000000000800270c                HAL_I2C_EnableListen_IT
 .text.HAL_I2C_MasterTxCpltCallback
                0x000000000800274a        0x2 build/stm32f1xx_hal_i2c.o
                0x000000000800274a                HAL_I2C_MasterTxCpltCallback
 .text.HAL_I2C_MasterRxCpltCallback
                0x000000000800274c        0x2 build/stm32f1xx_hal_i2c.o
                0x000000000800274c                HAL_I2C_MasterRxCpltCallback
 .text.HAL_I2C_SlaveTxCpltCallback
                0x000000000800274e        0x2 build/stm32f1xx_hal_i2c.o
                0x000000000800274e                HAL_I2C_SlaveTxCpltCallback
 .text.I2C_SlaveTransmit_TXE
                0x0000000008002750       0x4c build/stm32f1xx_hal_i2c.o
 .text.I2C_SlaveReceive_RXNE
                0x000000000800279c       0x4c build/stm32f1xx_hal_i2c.o
 .text.I2C_Slave_ADDR
                0x00000000080027e8       0x5a build/stm32f1xx_hal_i2c.o
 *fill*         0x0000000008002842        0x2 
 .text.I2C_Slave_AF
                0x0000000008002844       0xa0 build/stm32f1xx_hal_i2c.o
 .text.HAL_I2C_MemTxCpltCallback
                0x00000000080028e4        0x2 build/stm32f1xx_hal_i2c.o
                0x00000000080028e4                HAL_I2C_MemTxCpltCallback
 .text.I2C_MasterTransmit_BTF
                0x00000000080028e6       0x9e build/stm32f1xx_hal_i2c.o
 .text.I2C_MemoryTransmit_TXE_BTF
                0x0000000008002984       0xc4 build/stm32f1xx_hal_i2c.o
 .text.I2C_MasterTransmit_TXE
                0x0000000008002a48       0xd0 build/stm32f1xx_hal_i2c.o
 .text.HAL_I2C_MemRxCpltCallback
                0x0000000008002b18        0x2 build/stm32f1xx_hal_i2c.o
                0x0000000008002b18                HAL_I2C_MemRxCpltCallback
 .text.I2C_MasterReceive_BTF
                0x0000000008002b1a      0x136 build/stm32f1xx_hal_i2c.o
 .text.I2C_MasterReceive_RXNE
                0x0000000008002c50      0x106 build/stm32f1xx_hal_i2c.o
 .text.HAL_I2C_AbortCpltCallback
                0x0000000008002d56        0x2 build/stm32f1xx_hal_i2c.o
                0x0000000008002d56                HAL_I2C_AbortCpltCallback
 .text.I2C_DMAAbort
                0x0000000008002d58       0xe4 build/stm32f1xx_hal_i2c.o
 .text.I2C_ITError
                0x0000000008002e3c      0x178 build/stm32f1xx_hal_i2c.o
 .text.I2C_Slave_STOPF
                0x0000000008002fb4      0x18c build/stm32f1xx_hal_i2c.o
 .text.HAL_I2C_EV_IRQHandler
                0x0000000008003140      0x1a0 build/stm32f1xx_hal_i2c.o
                0x0000000008003140                HAL_I2C_EV_IRQHandler
 .text.HAL_I2C_ER_IRQHandler
                0x00000000080032e0       0xce build/stm32f1xx_hal_i2c.o
                0x00000000080032e0                HAL_I2C_ER_IRQHandler
 *fill*         0x00000000080033ae        0x2 
 .text.HAL_InitTick
                0x00000000080033b0       0x4c build/stm32f1xx_hal.o
                0x00000000080033b0                HAL_InitTick
 .text.HAL_Init
                0x00000000080033fc       0x24 build/stm32f1xx_hal.o
                0x00000000080033fc                HAL_Init
 .text.HAL_IncTick
                0x0000000008003420       0x18 build/stm32f1xx_hal.o
                0x0000000008003420                HAL_IncTick
 .text.HAL_GetTick
                0x0000000008003438        0xc build/stm32f1xx_hal.o
                0x0000000008003438                HAL_GetTick
 .text.HAL_Delay
                0x0000000008003444       0x28 build/stm32f1xx_hal.o
                0x0000000008003444                HAL_Delay
 .text.RCC_Delay
                0x000000000800346c       0x2c build/stm32f1xx_hal_rcc.o
 .text.HAL_RCC_OscConfig
                0x0000000008003498      0x410 build/stm32f1xx_hal_rcc.o
                0x0000000008003498                HAL_RCC_OscConfig
 .text.HAL_RCC_GetSysClockFreq
                0x00000000080038a8       0x54 build/stm32f1xx_hal_rcc.o
                0x00000000080038a8                HAL_RCC_GetSysClockFreq
 .text.HAL_RCC_ClockConfig
                0x00000000080038fc      0x16c build/stm32f1xx_hal_rcc.o
                0x00000000080038fc                HAL_RCC_ClockConfig
 .text.HAL_RCC_GetHCLKFreq
                0x0000000008003a68        0xc build/stm32f1xx_hal_rcc.o
                0x0000000008003a68                HAL_RCC_GetHCLKFreq
 .text.HAL_RCC_GetPCLK1Freq
                0x0000000008003a74       0x20 build/stm32f1xx_hal_rcc.o
                0x0000000008003a74                HAL_RCC_GetPCLK1Freq
 .text.HAL_RCC_GetPCLK2Freq
                0x0000000008003a94       0x20 build/stm32f1xx_hal_rcc.o
                0x0000000008003a94                HAL_RCC_GetPCLK2Freq
 .text.HAL_GPIO_Init
                0x0000000008003ab4      0x224 build/stm32f1xx_hal_gpio.o
                0x0000000008003ab4                HAL_GPIO_Init
 .text.HAL_GPIO_WritePin
                0x0000000008003cd8        0xc build/stm32f1xx_hal_gpio.o
                0x0000000008003cd8                HAL_GPIO_WritePin
 .text.HAL_DMA_Abort_IT
                0x0000000008003ce4       0x98 build/stm32f1xx_hal_dma.o
                0x0000000008003ce4                HAL_DMA_Abort_IT
 .text.HAL_DMA_GetState
                0x0000000008003d7c        0x6 build/stm32f1xx_hal_dma.o
                0x0000000008003d7c                HAL_DMA_GetState
 *fill*         0x0000000008003d82        0x2 
 .text.HAL_NVIC_SetPriorityGrouping
                0x0000000008003d84       0x24 build/stm32f1xx_hal_cortex.o
                0x0000000008003d84                HAL_NVIC_SetPriorityGrouping
 .text.HAL_NVIC_SetPriority
                0x0000000008003da8       0x70 build/stm32f1xx_hal_cortex.o
                0x0000000008003da8                HAL_NVIC_SetPriority
 .text.HAL_NVIC_EnableIRQ
                0x0000000008003e18       0x1c build/stm32f1xx_hal_cortex.o
                0x0000000008003e18                HAL_NVIC_EnableIRQ
 .text.HAL_SYSTICK_Config
                0x0000000008003e34       0x28 build/stm32f1xx_hal_cortex.o
                0x0000000008003e34                HAL_SYSTICK_Config
 .text.UART_EndRxTransfer
                0x0000000008003e5c       0x5c build/stm32f1xx_hal_uart.o
 .text.UART_SetConfig
                0x0000000008003eb8       0x94 build/stm32f1xx_hal_uart.o
 .text.UART_WaitOnFlagUntilTimeout
                0x0000000008003f4c       0x8a build/stm32f1xx_hal_uart.o
 .text.HAL_UART_Init
                0x0000000008003fd6       0x60 build/stm32f1xx_hal_uart.o
                0x0000000008003fd6                HAL_UART_Init
 .text.HAL_UART_Transmit
                0x0000000008004036       0xcc build/stm32f1xx_hal_uart.o
                0x0000000008004036                HAL_UART_Transmit
 .text.SystemInit
                0x0000000008004102        0x2 build/system_stm32f1xx.o
                0x0000000008004102                SystemInit
 .text._sbrk    0x0000000008004104       0x48 build/sysmem.o
                0x0000000008004104                _sbrk
 .text._read    0x000000000800414c       0x20 build/syscalls.o
                0x000000000800414c                _read
 .text._close   0x000000000800416c        0x6 build/syscalls.o
                0x000000000800416c                _close
 .text._fstat   0x0000000008004172        0xa build/syscalls.o
                0x0000000008004172                _fstat
 .text._isatty  0x000000000800417c        0x4 build/syscalls.o
                0x000000000800417c                _isatty
 .text._lseek   0x0000000008004180        0x4 build/syscalls.o
                0x0000000008004180                _lseek
 .text.MX_SPI1_Init
                0x0000000008004184       0x40 build/spi.o
                0x0000000008004184                MX_SPI1_Init
 .text.HAL_SPI_MspInit
                0x00000000080041c4       0x74 build/spi.o
                0x00000000080041c4                HAL_SPI_MspInit
 .text.SPI_WaitFlagStateUntilTimeout
                0x0000000008004238       0xd4 build/stm32f1xx_hal_spi.o
 .text.SPI_EndRxTxTransaction
                0x000000000800430c       0x44 build/stm32f1xx_hal_spi.o
 .text.HAL_SPI_Init
                0x0000000008004350       0xb6 build/stm32f1xx_hal_spi.o
                0x0000000008004350                HAL_SPI_Init
 .text.HAL_SPI_Transmit
                0x0000000008004406      0x1c4 build/stm32f1xx_hal_spi.o
                0x0000000008004406                HAL_SPI_Transmit
 .text.HAL_SPI_TransmitReceive
                0x00000000080045ca      0x254 build/stm32f1xx_hal_spi.o
                0x00000000080045ca                HAL_SPI_TransmitReceive
 .text.HAL_I2C_ListenCpltCallback
                0x000000000800481e        0x8 build/i2c_slave.o
                0x000000000800481e                HAL_I2C_ListenCpltCallback
 .text.HAL_I2C_ErrorCallback
                0x0000000008004826        0x8 build/i2c_slave.o
                0x0000000008004826                HAL_I2C_ErrorCallback
 *fill*         0x000000000800482e        0x2 
 .text.HAL_I2C_AddrCallback
                0x0000000008004830      0x134 build/i2c_slave.o
                0x0000000008004830                HAL_I2C_AddrCallback
 .text.HAL_I2C_SlaveRxCpltCallback
                0x0000000008004964      0x158 build/i2c_slave.o
                0x0000000008004964                HAL_I2C_SlaveRxCpltCallback
 .text.flash_cs_low
                0x0000000008004abc       0x14 build/flash.o
                0x0000000008004abc                flash_cs_low
 .text.flash_cs_high
                0x0000000008004ad0       0x14 build/flash.o
                0x0000000008004ad0                flash_cs_high
 .text.flash_init
                0x0000000008004ae4       0x4c build/flash.o
                0x0000000008004ae4                flash_init
 .text.flash_send_byte
                0x0000000008004b30       0x34 build/flash.o
                0x0000000008004b30                flash_send_byte
 .text.flash_write_enable
                0x0000000008004b64       0x12 build/flash.o
                0x0000000008004b64                flash_write_enable
 .text.flash_wait_for_write_end
                0x0000000008004b76       0x1e build/flash.o
                0x0000000008004b76                flash_wait_for_write_end
 .text.flash_erase_sector
                0x0000000008004b94       0x32 build/flash.o
                0x0000000008004b94                flash_erase_sector
 .text.flash_write_page
                0x0000000008004bc6       0x48 build/flash.o
                0x0000000008004bc6                flash_write_page
 .text.flash_write_buffer
                0x0000000008004c0e       0xc8 build/flash.o
                0x0000000008004c0e                flash_write_buffer
 .text.flash_read_buffer
                0x0000000008004cd6       0x42 build/flash.o
                0x0000000008004cd6                flash_read_buffer
 .text.flash_read_id
                0x0000000008004d18       0x34 build/flash.o
                0x0000000008004d18                flash_read_id
 .text.encode_rs_8
                0x0000000008004d4c       0x94 build/rs8.o
                0x0000000008004d4c                encode_rs_8
 .text.irdiv    0x0000000008004de0       0x22 build/ssdv.o
 *fill*         0x0000000008004e02        0x2 
 .text.load_standard_dqt
                0x0000000008004e04       0x54 build/ssdv.o
 .text.dload_standard_dqt
                0x0000000008004e58       0x2e build/ssdv.o
 *fill*         0x0000000008004e86        0x2 
 .text.crc32    0x0000000008004e88       0x44 build/ssdv.o
 .text.encode_callsign
                0x0000000008004ecc       0x68 build/ssdv.o
 .text.ssdv_outbits
                0x0000000008004f34       0x84 build/ssdv.o
 .text.ssdv_outbits_sync
                0x0000000008004fb8       0x20 build/ssdv.o
 .text.ssdv_out_jpeg_int
                0x0000000008004fd8       0xa2 build/ssdv.o
 .text.ssdv_process
                0x000000000800507a      0x51a build/ssdv.o
 .text.ssdv_set_packet_conf
                0x0000000008005594       0x1e build/ssdv.o
 .text.ssdv_memset_prng
                0x00000000080055b2       0x22 build/ssdv.o
 .text.ssdv_have_marker
                0x00000000080055d4       0xa8 build/ssdv.o
 .text.ssdv_have_marker_data
                0x000000000800567c      0x314 build/ssdv.o
 .text.dtblcpy  0x0000000008005990       0x32 build/ssdv.o
 *fill*         0x00000000080059c2        0x2 
 .text.ssdv_enc_init
                0x00000000080059c4       0xb4 build/ssdv.o
                0x00000000080059c4                ssdv_enc_init
 .text.ssdv_enc_set_buffer
                0x0000000008005a78       0x28 build/ssdv.o
                0x0000000008005a78                ssdv_enc_set_buffer
 .text.ssdv_enc_get_packet
                0x0000000008005aa0      0x258 build/ssdv.o
                0x0000000008005aa0                ssdv_enc_get_packet
 .text.ssdv_enc_feed
                0x0000000008005cf8        0x8 build/ssdv.o
                0x0000000008005cf8                ssdv_enc_feed
 .text.arducam_write_register
                0x0000000008005d00       0x40 build/camera.o
                0x0000000008005d00                arducam_write_register
 .text.arducam_burst_read
                0x0000000008005d40       0x98 build/camera.o
                0x0000000008005d40                arducam_burst_read
 .text.camersSetBrightness
                0x0000000008005dd8        0xc build/camera.o
                0x0000000008005dd8                camersSetBrightness
 .text.cameraSetSharpness
                0x0000000008005de4        0xc build/camera.o
                0x0000000008005de4                cameraSetSharpness
 .text.cameraSetContrast
                0x0000000008005df0        0xc build/camera.o
                0x0000000008005df0                cameraSetContrast
 .text.cameraSetEV
                0x0000000008005dfc        0xc build/camera.o
                0x0000000008005dfc                cameraSetEV
 .text.cameraSetSaturation
                0x0000000008005e08        0xc build/camera.o
                0x0000000008005e08                cameraSetSaturation
 .text.cameraSetColorEffect
                0x0000000008005e14        0xc build/camera.o
                0x0000000008005e14                cameraSetColorEffect
 .text.arducam_set_jpeg_mode
                0x0000000008005e20       0xdc build/camera.o
                0x0000000008005e20                arducam_set_jpeg_mode
 .text.arducam_capture_image
                0x0000000008005efc       0x20 build/camera.o
                0x0000000008005efc                arducam_capture_image
 .text.process_image_capture
                0x0000000008005f1c      0x248 build/camera.o
                0x0000000008005f1c                process_image_capture
 .text.watchdog_disable
                0x0000000008006164       0x30 build/watchdog.o
                0x0000000008006164                watchdog_disable
 .text.watchdog_init
                0x0000000008006194        0x8 build/watchdog.o
                0x0000000008006194                watchdog_init
 .text.watchdog_set_time_period
                0x000000000800619c      0x13c build/watchdog.o
                0x000000000800619c                watchdog_set_time_period
 .text.Reset_Handler
                0x00000000080062d8       0x48 build/startup_stm32f103xb.o
                0x00000000080062d8                Reset_Handler
 .text.Default_Handler
                0x0000000008006320        0x2 build/startup_stm32f103xb.o
                0x0000000008006320                RTC_Alarm_IRQHandler
                0x0000000008006320                EXTI2_IRQHandler
                0x0000000008006320                TIM1_CC_IRQHandler
                0x0000000008006320                PVD_IRQHandler
                0x0000000008006320                EXTI3_IRQHandler
                0x0000000008006320                EXTI0_IRQHandler
                0x0000000008006320                ADC1_2_IRQHandler
                0x0000000008006320                SPI1_IRQHandler
                0x0000000008006320                TAMPER_IRQHandler
                0x0000000008006320                DMA1_Channel4_IRQHandler
                0x0000000008006320                USART3_IRQHandler
                0x0000000008006320                RTC_IRQHandler
                0x0000000008006320                DMA1_Channel7_IRQHandler
                0x0000000008006320                CAN1_RX1_IRQHandler
                0x0000000008006320                TIM4_IRQHandler
                0x0000000008006320                I2C1_EV_IRQHandler
                0x0000000008006320                DMA1_Channel6_IRQHandler
                0x0000000008006320                TIM3_IRQHandler
                0x0000000008006320                RCC_IRQHandler
                0x0000000008006320                TIM1_TRG_COM_IRQHandler
                0x0000000008006320                DMA1_Channel1_IRQHandler
                0x0000000008006320                Default_Handler
                0x0000000008006320                EXTI15_10_IRQHandler
                0x0000000008006320                EXTI9_5_IRQHandler
                0x0000000008006320                SPI2_IRQHandler
                0x0000000008006320                DMA1_Channel5_IRQHandler
                0x0000000008006320                EXTI4_IRQHandler
                0x0000000008006320                USB_LP_CAN1_RX0_IRQHandler
                0x0000000008006320                USB_HP_CAN1_TX_IRQHandler
                0x0000000008006320                DMA1_Channel3_IRQHandler
                0x0000000008006320                TIM1_UP_IRQHandler
                0x0000000008006320                WWDG_IRQHandler
                0x0000000008006320                TIM2_IRQHandler
                0x0000000008006320                TIM1_BRK_IRQHandler
                0x0000000008006320                EXTI1_IRQHandler
                0x0000000008006320                USART2_IRQHandler
                0x0000000008006320                DMA1_Channel2_IRQHandler
                0x0000000008006320                CAN1_SCE_IRQHandler
                0x0000000008006320                FLASH_IRQHandler
                0x0000000008006320                USART1_IRQHandler
                0x0000000008006320                I2C1_ER_IRQHandler
                0x0000000008006320                USBWakeUp_IRQHandler
 *(.glue_7)
 .glue_7        0x0000000008006322        0x0 linker stubs
 *(.glue_7t)
 .glue_7t       0x0000000008006322        0x0 linker stubs
 *(.eh_frame)
 *fill*         0x0000000008006322        0x2 
 .eh_frame      0x0000000008006324        0x0 /usr/lib/gcc/arm-none-eabi/10.3.1/thumb/v7-m/nofp/crtbegin.o
 *(.init)
 .init          0x0000000008006324        0x4 /usr/lib/gcc/arm-none-eabi/10.3.1/thumb/v7-m/nofp/crti.o
                0x0000000008006324                _init
 .init          0x0000000008006328        0x8 /usr/lib/gcc/arm-none-eabi/10.3.1/thumb/v7-m/nofp/crtn.o
 *(.fini)
 .fini          0x0000000008006330        0x4 /usr/lib/gcc/arm-none-eabi/10.3.1/thumb/v7-m/nofp/crti.o
                0x0000000008006330                _fini
 .fini          0x0000000008006334        0x8 /usr/lib/gcc/arm-none-eabi/10.3.1/thumb/v7-m/nofp/crtn.o
                0x000000000800633c                . = ALIGN (0x4)
                0x000000000800633c                _etext = .

.vfp11_veneer   0x000000000800633c        0x0
 .vfp11_veneer  0x000000000800633c        0x0 linker stubs

.v4_bx          0x000000000800633c        0x0
 .v4_bx         0x000000000800633c        0x0 linker stubs

.iplt           0x000000000800633c        0x0
 .iplt          0x000000000800633c        0x0 /usr/lib/gcc/arm-none-eabi/10.3.1/thumb/v7-m/nofp/crtbegin.o

.rodata         0x000000000800633c      0x8e0
                0x000000000800633c                . = ALIGN (0x4)
 *(.rodata)
 .rodata        0x000000000800633c        0x4 /usr/lib/gcc/arm-none-eabi/10.3.1/../../../arm-none-eabi/lib/thumb/v7-m/nofp/libc_nano.a(lib_a-impure.o)
                0x000000000800633c                _global_impure_ptr
 .rodata        0x0000000008006340       0x60 /usr/lib/gcc/arm-none-eabi/10.3.1/../../../arm-none-eabi/lib/thumb/v7-m/nofp/libc_nano.a(lib_a-findfp.o)
                0x0000000008006340                __sf_fake_stderr
                0x0000000008006360                __sf_fake_stdout
                0x0000000008006380                __sf_fake_stdin
 *(.rodata*)
 .rodata.main.str1.4
                0x00000000080063a0       0x49 build/main.o
 *fill*         0x00000000080063e9        0x3 
 .rodata.aPLLMULFactorTable.1
                0x00000000080063ec       0x10 build/stm32f1xx_hal_rcc.o
 .rodata.aPredivFactorTable.0
                0x00000000080063fc        0x2 build/stm32f1xx_hal_rcc.o
 *fill*         0x00000000080063fe        0x2 
 .rodata.AHBPrescTable
                0x0000000008006400       0x10 build/system_stm32f1xx.o
                0x0000000008006400                AHBPrescTable
 .rodata.APBPrescTable
                0x0000000008006410        0x8 build/system_stm32f1xx.o
                0x0000000008006410                APBPrescTable
 .rodata.HAL_I2C_AddrCallback.str1.4
                0x0000000008006418       0x37 build/i2c_slave.o
 *fill*         0x000000000800644f        0x1 
 .rodata.HAL_I2C_SlaveRxCpltCallback.str1.4
                0x0000000008006450       0xda build/i2c_slave.o
 *fill*         0x000000000800652a        0x2 
 .rodata.ALPHA_TO
                0x000000000800652c      0x100 build/rs8.o
 .rodata.GENPOLY
                0x000000000800662c       0x21 build/rs8.o
 *fill*         0x000000000800664d        0x3 
 .rodata.INDEX_OF
                0x0000000008006650      0x100 build/rs8.o
 .rodata.dqt_scales
                0x0000000008006750       0x10 build/ssdv.o
 .rodata.std_dht00
                0x0000000008006760       0x1d build/ssdv.o
 *fill*         0x000000000800677d        0x3 
 .rodata.std_dht01
                0x0000000008006780       0x1d build/ssdv.o
 *fill*         0x000000000800679d        0x3 
 .rodata.std_dht10
                0x00000000080067a0       0xb3 build/ssdv.o
 *fill*         0x0000000008006853        0x1 
 .rodata.std_dht11
                0x0000000008006854       0xb3 build/ssdv.o
 *fill*         0x0000000008006907        0x1 
 .rodata.std_dqt0
                0x0000000008006908       0x41 build/ssdv.o
 *fill*         0x0000000008006949        0x3 
 .rodata.std_dqt1
                0x000000000800694c       0x41 build/ssdv.o
 *fill*         0x000000000800698d        0x3 
 .rodata.arducam_set_jpeg_mode.str1.4
                0x0000000008006990       0x7c build/camera.o
 .rodata.process_image_capture.str1.4
                0x0000000008006a0c      0x1d3 build/camera.o
 *fill*         0x0000000008006bdf        0x1 
 .rodata.str1.4
                0x0000000008006be0       0x13 /usr/lib/gcc/arm-none-eabi/10.3.1/../../../arm-none-eabi/lib/thumb/v7-m/nofp/libc_nano.a(lib_a-nano-vfprintf.o)
 *fill*         0x0000000008006bf3        0x1 
 .rodata.str1.4
                0x0000000008006bf4       0x25 /usr/lib/gcc/arm-none-eabi/10.3.1/../../../arm-none-eabi/lib/thumb/v7-m/nofp/libc_nano.a(lib_a-nano-vfprintf_i.o)
                0x0000000008006c1c                . = ALIGN (0x4)
 *fill*         0x0000000008006c19        0x3 

.rel.dyn        0x0000000008006c1c        0x0
 .rel.iplt      0x0000000008006c1c        0x0 /usr/lib/gcc/arm-none-eabi/10.3.1/thumb/v7-m/nofp/crtbegin.o

.ARM.extab
 *(.ARM.extab* .gnu.linkonce.armextab.*)

.ARM            0x0000000008006c1c        0x0
                0x0000000008006c1c                __exidx_start = .
 *(.ARM.exidx*)
                0x0000000008006c1c                __exidx_end = .

.preinit_array  0x0000000008006c1c        0x0
                0x0000000008006c1c                PROVIDE (__preinit_array_start = .)
 *(.preinit_array*)
                0x0000000008006c1c                PROVIDE (__preinit_array_end = .)

.init_array     0x0000000008006c1c        0x4
                0x0000000008006c1c                PROVIDE (__init_array_start = .)
 *(SORT_BY_NAME(.init_array.*))
 *(.init_array*)
 .init_array    0x0000000008006c1c        0x4 /usr/lib/gcc/arm-none-eabi/10.3.1/thumb/v7-m/nofp/crtbegin.o
                0x0000000008006c20                PROVIDE (__init_array_end = .)

.fini_array     0x0000000008006c20        0x4
                0x0000000008006c20                PROVIDE (__fini_array_start = .)
 *(SORT_BY_NAME(.fini_array.*))
 *(.fini_array*)
 .fini_array    0x0000000008006c20        0x4 /usr/lib/gcc/arm-none-eabi/10.3.1/thumb/v7-m/nofp/crtbegin.o
                0x0000000008006c24                PROVIDE (__fini_array_end = .)
                0x0000000008006c24                _sidata = LOADADDR (.data)

.data           0x0000000020000000      0x77c load address 0x0000000008006c24
                0x0000000020000000                . = ALIGN (0x4)
                0x0000000020000000                _sdata = .
 *(.data)
 .data          0x0000000020000000       0x64 /usr/lib/gcc/arm-none-eabi/10.3.1/../../../arm-none-eabi/lib/thumb/v7-m/nofp/libc_nano.a(lib_a-impure.o)
                0x0000000020000000                _impure_ptr
 *(.data*)
 .data.uwTickFreq
                0x0000000020000064        0x1 build/stm32f1xx_hal.o
                0x0000000020000064                uwTickFreq
 *fill*         0x0000000020000065        0x3 
 .data.uwTickPrio
                0x0000000020000068        0x4 build/stm32f1xx_hal.o
                0x0000000020000068                uwTickPrio
 .data.SystemCoreClock
                0x000000002000006c        0x4 build/system_stm32f1xx.o
                0x000000002000006c                SystemCoreClock
 .data.cam_size
                0x0000000020000070        0x1 build/i2c_slave.o
                0x0000000020000070                cam_size
 *fill*         0x0000000020000071        0x3 
 .data.test_card_ssdv_buffer
                0x0000000020000074      0x700 build/i2c_slave.o
                0x0000000020000074                test_card_ssdv_buffer
 .data.ssdv_call_sign
                0x0000000020000774        0x7 build/camera.o
                0x0000000020000774                ssdv_call_sign
 .data.ssdv_quality
                0x000000002000077b        0x1 build/camera.o
                0x000000002000077b                ssdv_quality
                0x000000002000077c                . = ALIGN (0x4)
                0x000000002000077c                _edata = .

.tm_clone_table
                0x000000002000077c        0x0 load address 0x00000000080073a0
 .tm_clone_table
                0x000000002000077c        0x0 /usr/lib/gcc/arm-none-eabi/10.3.1/thumb/v7-m/nofp/crtbegin.o
 .tm_clone_table
                0x000000002000077c        0x0 /usr/lib/gcc/arm-none-eabi/10.3.1/thumb/v7-m/nofp/crtend.o

.igot.plt       0x000000002000077c        0x0 load address 0x00000000080073a0
 .igot.plt      0x000000002000077c        0x0 /usr/lib/gcc/arm-none-eabi/10.3.1/thumb/v7-m/nofp/crtbegin.o
                0x000000002000077c                . = ALIGN (0x4)

.bss            0x000000002000077c     0x3be0 load address 0x00000000080073a0
                0x000000002000077c                _sbss = .
                0x000000002000077c                __bss_start__ = _sbss
 *(.bss)
 .bss           0x000000002000077c       0x1c /usr/lib/gcc/arm-none-eabi/10.3.1/thumb/v7-m/nofp/crtbegin.o
 .bss           0x0000000020000798        0x8 /usr/lib/gcc/arm-none-eabi/10.3.1/../../../arm-none-eabi/lib/thumb/v7-m/nofp/libc_nano.a(lib_a-nano-mallocr.o)
                0x0000000020000798                __malloc_free_list
                0x000000002000079c                __malloc_sbrk_start
 .bss           0x00000000200007a0        0x4 /usr/lib/gcc/arm-none-eabi/10.3.1/../../../arm-none-eabi/lib/thumb/v7-m/nofp/libc_nano.a(lib_a-reent.o)
                0x00000000200007a0                errno
 *(.bss*)
 .bss.hi2c2     0x00000000200007a4       0x54 build/i2c.o
                0x00000000200007a4                hi2c2
 .bss.huart1    0x00000000200007f8       0x48 build/usart.o
                0x00000000200007f8                huart1
 .bss.uwTick    0x0000000020000840        0x4 build/stm32f1xx_hal.o
                0x0000000020000840                uwTick
 .bss.__sbrk_heap_end
                0x0000000020000844        0x4 build/sysmem.o
 .bss.hspi1     0x0000000020000848       0x58 build/spi.o
                0x0000000020000848                hspi1
 .bss.RxData    0x00000000200008a0        0x2 build/i2c_slave.o
                0x00000000200008a0                RxData
 .bss.capture_requested
                0x00000000200008a2        0x1 build/i2c_slave.o
                0x00000000200008a2                capture_requested
 .bss.contra_lvl
                0x00000000200008a3        0x1 build/i2c_slave.o
                0x00000000200008a3                contra_lvl
 .bss.current_packet_index
                0x00000000200008a4        0x2 build/i2c_slave.o
                0x00000000200008a4                current_packet_index
 .bss.effect    0x00000000200008a6        0x1 build/i2c_slave.o
                0x00000000200008a6                effect
 .bss.exposure_lvl
                0x00000000200008a7        0x1 build/i2c_slave.o
                0x00000000200008a7                exposure_lvl
 .bss.last_i2c_activity
                0x00000000200008a8        0x4 build/i2c_slave.o
                0x00000000200008a8                last_i2c_activity
 .bss.lvl       0x00000000200008ac        0x1 build/i2c_slave.o
                0x00000000200008ac                lvl
 .bss.prestore_image_requested
                0x00000000200008ad        0x1 build/i2c_slave.o
                0x00000000200008ad                prestore_image_requested
 .bss.saturation_lvl
                0x00000000200008ae        0x1 build/i2c_slave.o
                0x00000000200008ae                saturation_lvl
 .bss.send_all_packets
                0x00000000200008af        0x1 build/i2c_slave.o
                0x00000000200008af                send_all_packets
 .bss.shrp_lvl  0x00000000200008b0        0x1 build/i2c_slave.o
                0x00000000200008b0                shrp_lvl
 *fill*         0x00000000200008b1        0x3 
 .bss.image_buffer
                0x00000000200008b4     0x3a98 build/camera.o
                0x00000000200008b4                image_buffer
 .bss.ssdv_image_id
                0x000000002000434c        0x1 build/camera.o
                0x000000002000434c                ssdv_image_id
 *fill*         0x000000002000434d        0x3 
 .bss.ssdv_packets_in_image
                0x0000000020004350        0x4 build/camera.o
                0x0000000020004350                ssdv_packets_in_image
 .bss.ssdv_start_addr
                0x0000000020004354        0x4 build/camera.o
                0x0000000020004354                ssdv_start_addr
 .bss.ssdv_type
                0x0000000020004358        0x1 build/camera.o
                0x0000000020004358                ssdv_type
 *(COMMON)
                0x000000002000435c                . = ALIGN (0x4)
 *fill*         0x0000000020004359        0x3 
                0x000000002000435c                _ebss = .
                0x000000002000435c                __bss_end__ = _ebss

._user_heap_stack
                0x000000002000435c      0x604 load address 0x00000000080073a0
                0x0000000020004360                . = ALIGN (0x8)
 *fill*         0x000000002000435c        0x4 
                [!provide]                        PROVIDE (end = .)
                0x0000000020004360                PROVIDE (_end = .)
                0x0000000020004560                . = (. + _Min_Heap_Size)
 *fill*         0x0000000020004360      0x200 
                0x0000000020004960                . = (. + _Min_Stack_Size)
 *fill*         0x0000000020004560      0x400 
                0x0000000020004960                . = ALIGN (0x8)

/DISCARD/
 libc.a(*)
 libm.a(*)
 libgcc.a(*)

.ARM.attributes
                0x0000000000000000       0x29
 *(.ARM.attributes)
 .ARM.attributes
                0x0000000000000000       0x1d /usr/lib/gcc/arm-none-eabi/10.3.1/thumb/v7-m/nofp/crti.o
 .ARM.attributes
                0x000000000000001d       0x2d /usr/lib/gcc/arm-none-eabi/10.3.1/thumb/v7-m/nofp/crtbegin.o
 .ARM.attributes
                0x000000000000004a       0x2d build/main.o
 .ARM.attributes
                0x0000000000000077       0x2d build/gpio.o
 .ARM.attributes
                0x00000000000000a4       0x2d build/i2c.o
 .ARM.attributes
                0x00000000000000d1       0x2d build/usart.o
 .ARM.attributes
                0x00000000000000fe       0x2d build/stm32f1xx_it.o
 .ARM.attributes
                0x000000000000012b       0x2d build/stm32f1xx_hal_msp.o
 .ARM.attributes
                0x0000000000000158       0x2d build/stm32f1xx_hal_i2c.o
 .ARM.attributes
                0x0000000000000185       0x2d build/stm32f1xx_hal.o
 .ARM.attributes
                0x00000000000001b2       0x2d build/stm32f1xx_hal_rcc.o
 .ARM.attributes
                0x00000000000001df       0x2d build/stm32f1xx_hal_gpio.o
 .ARM.attributes
                0x000000000000020c       0x2d build/stm32f1xx_hal_dma.o
 .ARM.attributes
                0x0000000000000239       0x2d build/stm32f1xx_hal_cortex.o
 .ARM.attributes
                0x0000000000000266       0x2d build/stm32f1xx_hal_uart.o
 .ARM.attributes
                0x0000000000000293       0x2d build/system_stm32f1xx.o
 .ARM.attributes
                0x00000000000002c0       0x2d build/sysmem.o
 .ARM.attributes
                0x00000000000002ed       0x2d build/syscalls.o
 .ARM.attributes
                0x000000000000031a       0x2d build/spi.o
 .ARM.attributes
                0x0000000000000347       0x2d build/stm32f1xx_hal_spi.o
 .ARM.attributes
                0x0000000000000374       0x2d build/i2c_slave.o
 .ARM.attributes
                0x00000000000003a1       0x2d build/flash.o
 .ARM.attributes
                0x00000000000003ce       0x2d build/rs8.o
 .ARM.attributes
                0x00000000000003fb       0x2d build/ssdv.o
 .ARM.attributes
                0x0000000000000428       0x2d build/camera.o
 .ARM.attributes
                0x0000000000000455       0x2d build/watchdog.o
 .ARM.attributes
                0x0000000000000482       0x21 build/startup_stm32f103xb.o
 .ARM.attributes
                0x00000000000004a3       0x2d /usr/lib/gcc/arm-none-eabi/10.3.1/../../../arm-none-eabi/lib/thumb/v7-m/nofp/libc_nano.a(lib_a-errno.o)
 .ARM.attributes
                0x00000000000004d0       0x2d /usr/lib/gcc/arm-none-eabi/10.3.1/../../../arm-none-eabi/lib/thumb/v7-m/nofp/libc_nano.a(lib_a-impure.o)
 .ARM.attributes
                0x00000000000004fd       0x2d /usr/lib/gcc/arm-none-eabi/10.3.1/../../../arm-none-eabi/lib/thumb/v7-m/nofp/libc_nano.a(lib_a-init.o)
 .ARM.attributes
                0x000000000000052a       0x1b /usr/lib/gcc/arm-none-eabi/10.3.1/../../../arm-none-eabi/lib/thumb/v7-m/nofp/libc_nano.a(lib_a-memcpy.o)
 .ARM.attributes
                0x0000000000000545       0x2d /usr/lib/gcc/arm-none-eabi/10.3.1/../../../arm-none-eabi/lib/thumb/v7-m/nofp/libc_nano.a(lib_a-memmove.o)
 .ARM.attributes
                0x0000000000000572       0x2d /usr/lib/gcc/arm-none-eabi/10.3.1/../../../arm-none-eabi/lib/thumb/v7-m/nofp/libc_nano.a(lib_a-memset.o)
 .ARM.attributes
                0x000000000000059f       0x2d /usr/lib/gcc/arm-none-eabi/10.3.1/../../../arm-none-eabi/lib/thumb/v7-m/nofp/libc_nano.a(lib_a-printf.o)
 .ARM.attributes
                0x00000000000005cc       0x2d /usr/lib/gcc/arm-none-eabi/10.3.1/../../../arm-none-eabi/lib/thumb/v7-m/nofp/libc_nano.a(lib_a-putchar.o)
 .ARM.attributes
                0x00000000000005f9       0x2d /usr/lib/gcc/arm-none-eabi/10.3.1/../../../arm-none-eabi/lib/thumb/v7-m/nofp/libc_nano.a(lib_a-puts.o)
 .ARM.attributes
                0x0000000000000626       0x2d /usr/lib/gcc/arm-none-eabi/10.3.1/../../../arm-none-eabi/lib/thumb/v7-m/nofp/libc_nano.a(lib_a-wbuf.o)
 .ARM.attributes
                0x0000000000000653       0x2d /usr/lib/gcc/arm-none-eabi/10.3.1/../../../arm-none-eabi/lib/thumb/v7-m/nofp/libc_nano.a(lib_a-wsetup.o)
 .ARM.attributes
                0x0000000000000680       0x2d /usr/lib/gcc/arm-none-eabi/10.3.1/../../../arm-none-eabi/lib/thumb/v7-m/nofp/libc_nano.a(lib_a-fflush.o)
 .ARM.attributes
                0x00000000000006ad       0x2d /usr/lib/gcc/arm-none-eabi/10.3.1/../../../arm-none-eabi/lib/thumb/v7-m/nofp/libc_nano.a(lib_a-findfp.o)
 .ARM.attributes
                0x00000000000006da       0x2d /usr/lib/gcc/arm-none-eabi/10.3.1/../../../arm-none-eabi/lib/thumb/v7-m/nofp/libc_nano.a(lib_a-fwalk.o)
 .ARM.attributes
                0x0000000000000707       0x2d /usr/lib/gcc/arm-none-eabi/10.3.1/../../../arm-none-eabi/lib/thumb/v7-m/nofp/libc_nano.a(lib_a-makebuf.o)
 .ARM.attributes
                0x0000000000000734       0x2d /usr/lib/gcc/arm-none-eabi/10.3.1/../../../arm-none-eabi/lib/thumb/v7-m/nofp/libc_nano.a(lib_a-nano-freer.o)
 .ARM.attributes
                0x0000000000000761       0x2d /usr/lib/gcc/arm-none-eabi/10.3.1/../../../arm-none-eabi/lib/thumb/v7-m/nofp/libc_nano.a(lib_a-nano-mallocr.o)
 .ARM.attributes
                0x000000000000078e       0x2d /usr/lib/gcc/arm-none-eabi/10.3.1/../../../arm-none-eabi/lib/thumb/v7-m/nofp/libc_nano.a(lib_a-nano-vfprintf.o)
 .ARM.attributes
                0x00000000000007bb       0x2d /usr/lib/gcc/arm-none-eabi/10.3.1/../../../arm-none-eabi/lib/thumb/v7-m/nofp/libc_nano.a(lib_a-nano-vfprintf_i.o)
 .ARM.attributes
                0x00000000000007e8       0x2d /usr/lib/gcc/arm-none-eabi/10.3.1/../../../arm-none-eabi/lib/thumb/v7-m/nofp/libc_nano.a(lib_a-putc.o)
 .ARM.attributes
                0x0000000000000815       0x2d /usr/lib/gcc/arm-none-eabi/10.3.1/../../../arm-none-eabi/lib/thumb/v7-m/nofp/libc_nano.a(lib_a-sbrkr.o)
 .ARM.attributes
                0x0000000000000842       0x2d /usr/lib/gcc/arm-none-eabi/10.3.1/../../../arm-none-eabi/lib/thumb/v7-m/nofp/libc_nano.a(lib_a-stdio.o)
 .ARM.attributes
                0x000000000000086f       0x2d /usr/lib/gcc/arm-none-eabi/10.3.1/../../../arm-none-eabi/lib/thumb/v7-m/nofp/libc_nano.a(lib_a-writer.o)
 .ARM.attributes
                0x000000000000089c       0x2d /usr/lib/gcc/arm-none-eabi/10.3.1/../../../arm-none-eabi/lib/thumb/v7-m/nofp/libc_nano.a(lib_a-closer.o)
 .ARM.attributes
                0x00000000000008c9       0x2d /usr/lib/gcc/arm-none-eabi/10.3.1/../../../arm-none-eabi/lib/thumb/v7-m/nofp/libc_nano.a(lib_a-fstatr.o)
 .ARM.attributes
                0x00000000000008f6       0x2d /usr/lib/gcc/arm-none-eabi/10.3.1/../../../arm-none-eabi/lib/thumb/v7-m/nofp/libc_nano.a(lib_a-fvwrite.o)
 .ARM.attributes
                0x0000000000000923       0x2d /usr/lib/gcc/arm-none-eabi/10.3.1/../../../arm-none-eabi/lib/thumb/v7-m/nofp/libc_nano.a(lib_a-isattyr.o)
 .ARM.attributes
                0x0000000000000950       0x2d /usr/lib/gcc/arm-none-eabi/10.3.1/../../../arm-none-eabi/lib/thumb/v7-m/nofp/libc_nano.a(lib_a-lseekr.o)
 .ARM.attributes
                0x000000000000097d       0x2d /usr/lib/gcc/arm-none-eabi/10.3.1/../../../arm-none-eabi/lib/thumb/v7-m/nofp/libc_nano.a(lib_a-memchr-stub.o)
 .ARM.attributes
                0x00000000000009aa       0x2d /usr/lib/gcc/arm-none-eabi/10.3.1/../../../arm-none-eabi/lib/thumb/v7-m/nofp/libc_nano.a(lib_a-mlock.o)
 .ARM.attributes
                0x00000000000009d7       0x2d /usr/lib/gcc/arm-none-eabi/10.3.1/../../../arm-none-eabi/lib/thumb/v7-m/nofp/libc_nano.a(lib_a-nano-reallocr.o)
 .ARM.attributes
                0x0000000000000a04       0x2d /usr/lib/gcc/arm-none-eabi/10.3.1/../../../arm-none-eabi/lib/thumb/v7-m/nofp/libc_nano.a(lib_a-readr.o)
 .ARM.attributes
                0x0000000000000a31       0x2d /usr/lib/gcc/arm-none-eabi/10.3.1/../../../arm-none-eabi/lib/thumb/v7-m/nofp/libc_nano.a(lib_a-reent.o)
 .ARM.attributes
                0x0000000000000a5e       0x2d /usr/lib/gcc/arm-none-eabi/10.3.1/../../../arm-none-eabi/lib/thumb/v7-m/nofp/libc_nano.a(lib_a-nano-msizer.o)
 .ARM.attributes
                0x0000000000000a8b       0x2d /usr/lib/gcc/arm-none-eabi/10.3.1/thumb/v7-m/nofp/crtend.o
 .ARM.attributes
                0x0000000000000ab8       0x1d /usr/lib/gcc/arm-none-eabi/10.3.1/thumb/v7-m/nofp/crtn.o
OUTPUT(build/new_slavery.elf elf32-littlearm)
LOAD linker stubs
LOAD /usr/lib/gcc/arm-none-eabi/10.3.1/../../../arm-none-eabi/lib/thumb/v7-m/nofp/libc.a
LOAD /usr/lib/gcc/arm-none-eabi/10.3.1/../../../arm-none-eabi/lib/thumb/v7-m/nofp/libm.a
LOAD /usr/lib/gcc/arm-none-eabi/10.3.1/thumb/v7-m/nofp/libgcc.a

.comment        0x0000000000000000       0x33
 .comment       0x0000000000000000       0x33 /usr/lib/gcc/arm-none-eabi/10.3.1/thumb/v7-m/nofp/crtbegin.o
                                         0x34 (size before relaxing)
 .comment       0x0000000000000033       0x34 build/main.o
 .comment       0x0000000000000033       0x34 build/gpio.o
 .comment       0x0000000000000033       0x34 build/i2c.o
 .comment       0x0000000000000033       0x34 build/usart.o
 .comment       0x0000000000000033       0x34 build/stm32f1xx_it.o
 .comment       0x0000000000000033       0x34 build/stm32f1xx_hal_msp.o
 .comment       0x0000000000000033       0x34 build/stm32f1xx_hal_i2c.o
 .comment       0x0000000000000033       0x34 build/stm32f1xx_hal.o
 .comment       0x0000000000000033       0x34 build/stm32f1xx_hal_rcc.o
 .comment       0x0000000000000033       0x34 build/stm32f1xx_hal_gpio.o
 .comment       0x0000000000000033       0x34 build/stm32f1xx_hal_dma.o
 .comment       0x0000000000000033       0x34 build/stm32f1xx_hal_cortex.o
 .comment       0x0000000000000033       0x34 build/stm32f1xx_hal_uart.o
 .comment       0x0000000000000033       0x34 build/system_stm32f1xx.o
 .comment       0x0000000000000033       0x34 build/sysmem.o
 .comment       0x0000000000000033       0x34 build/syscalls.o
 .comment       0x0000000000000033       0x34 build/spi.o
 .comment       0x0000000000000033       0x34 build/stm32f1xx_hal_spi.o
 .comment       0x0000000000000033       0x34 build/i2c_slave.o
 .comment       0x0000000000000033       0x34 build/flash.o
 .comment       0x0000000000000033       0x34 build/rs8.o
 .comment       0x0000000000000033       0x34 build/ssdv.o
 .comment       0x0000000000000033       0x34 build/camera.o
 .comment       0x0000000000000033       0x34 build/watchdog.o
 .comment       0x0000000000000033       0x34 /usr/lib/gcc/arm-none-eabi/10.3.1/../../../arm-none-eabi/lib/thumb/v7-m/nofp/libc_nano.a(lib_a-errno.o)
 .comment       0x0000000000000033       0x34 /usr/lib/gcc/arm-none-eabi/10.3.1/../../../arm-none-eabi/lib/thumb/v7-m/nofp/libc_nano.a(lib_a-impure.o)
 .comment       0x0000000000000033       0x34 /usr/lib/gcc/arm-none-eabi/10.3.1/../../../arm-none-eabi/lib/thumb/v7-m/nofp/libc_nano.a(lib_a-init.o)
 .comment       0x0000000000000033       0x34 /usr/lib/gcc/arm-none-eabi/10.3.1/../../../arm-none-eabi/lib/thumb/v7-m/nofp/libc_nano.a(lib_a-memmove.o)
 .comment       0x0000000000000033       0x34 /usr/lib/gcc/arm-none-eabi/10.3.1/../../../arm-none-eabi/lib/thumb/v7-m/nofp/libc_nano.a(lib_a-memset.o)
 .comment       0x0000000000000033       0x34 /usr/lib/gcc/arm-none-eabi/10.3.1/../../../arm-none-eabi/lib/thumb/v7-m/nofp/libc_nano.a(lib_a-printf.o)
 .comment       0x0000000000000033       0x34 /usr/lib/gcc/arm-none-eabi/10.3.1/../../../arm-none-eabi/lib/thumb/v7-m/nofp/libc_nano.a(lib_a-putchar.o)
 .comment       0x0000000000000033       0x34 /usr/lib/gcc/arm-none-eabi/10.3.1/../../../arm-none-eabi/lib/thumb/v7-m/nofp/libc_nano.a(lib_a-puts.o)
 .comment       0x0000000000000033       0x34 /usr/lib/gcc/arm-none-eabi/10.3.1/../../../arm-none-eabi/lib/thumb/v7-m/nofp/libc_nano.a(lib_a-wbuf.o)
 .comment       0x0000000000000033       0x34 /usr/lib/gcc/arm-none-eabi/10.3.1/../../../arm-none-eabi/lib/thumb/v7-m/nofp/libc_nano.a(lib_a-wsetup.o)
 .comment       0x0000000000000033       0x34 /usr/lib/gcc/arm-none-eabi/10.3.1/../../../arm-none-eabi/lib/thumb/v7-m/nofp/libc_nano.a(lib_a-fflush.o)
 .comment       0x0000000000000033       0x34 /usr/lib/gcc/arm-none-eabi/10.3.1/../../../arm-none-eabi/lib/thumb/v7-m/nofp/libc_nano.a(lib_a-findfp.o)
 .comment       0x0000000000000033       0x34 /usr/lib/gcc/arm-none-eabi/10.3.1/../../../arm-none-eabi/lib/thumb/v7-m/nofp/libc_nano.a(lib_a-fwalk.o)
 .comment       0x0000000000000033       0x34 /usr/lib/gcc/arm-none-eabi/10.3.1/../../../arm-none-eabi/lib/thumb/v7-m/nofp/libc_nano.a(lib_a-makebuf.o)
 .comment       0x0000000000000033       0x34 /usr/lib/gcc/arm-none-eabi/10.3.1/../../../arm-none-eabi/lib/thumb/v7-m/nofp/libc_nano.a(lib_a-nano-freer.o)
 .comment       0x0000000000000033       0x34 /usr/lib/gcc/arm-none-eabi/10.3.1/../../../arm-none-eabi/lib/thumb/v7-m/nofp/libc_nano.a(lib_a-nano-mallocr.o)
 .comment       0x0000000000000033       0x34 /usr/lib/gcc/arm-none-eabi/10.3.1/../../../arm-none-eabi/lib/thumb/v7-m/nofp/libc_nano.a(lib_a-nano-vfprintf.o)
 .comment       0x0000000000000033       0x34 /usr/lib/gcc/arm-none-eabi/10.3.1/../../../arm-none-eabi/lib/thumb/v7-m/nofp/libc_nano.a(lib_a-nano-vfprintf_i.o)
 .comment       0x0000000000000033       0x34 /usr/lib/gcc/arm-none-eabi/10.3.1/../../../arm-none-eabi/lib/thumb/v7-m/nofp/libc_nano.a(lib_a-putc.o)
 .comment       0x0000000000000033       0x34 /usr/lib/gcc/arm-none-eabi/10.3.1/../../../arm-none-eabi/lib/thumb/v7-m/nofp/libc_nano.a(lib_a-sbrkr.o)
 .comment       0x0000000000000033       0x34 /usr/lib/gcc/arm-none-eabi/10.3.1/../../../arm-none-eabi/lib/thumb/v7-m/nofp/libc_nano.a(lib_a-stdio.o)
 .comment       0x0000000000000033       0x34 /usr/lib/gcc/arm-none-eabi/10.3.1/../../../arm-none-eabi/lib/thumb/v7-m/nofp/libc_nano.a(lib_a-writer.o)
 .comment       0x0000000000000033       0x34 /usr/lib/gcc/arm-none-eabi/10.3.1/../../../arm-none-eabi/lib/thumb/v7-m/nofp/libc_nano.a(lib_a-closer.o)
 .comment       0x0000000000000033       0x34 /usr/lib/gcc/arm-none-eabi/10.3.1/../../../arm-none-eabi/lib/thumb/v7-m/nofp/libc_nano.a(lib_a-fstatr.o)
 .comment       0x0000000000000033       0x34 /usr/lib/gcc/arm-none-eabi/10.3.1/../../../arm-none-eabi/lib/thumb/v7-m/nofp/libc_nano.a(lib_a-fvwrite.o)
 .comment       0x0000000000000033       0x34 /usr/lib/gcc/arm-none-eabi/10.3.1/../../../arm-none-eabi/lib/thumb/v7-m/nofp/libc_nano.a(lib_a-isattyr.o)
 .comment       0x0000000000000033       0x34 /usr/lib/gcc/arm-none-eabi/10.3.1/../../../arm-none-eabi/lib/thumb/v7-m/nofp/libc_nano.a(lib_a-lseekr.o)
 .comment       0x0000000000000033       0x34 /usr/lib/gcc/arm-none-eabi/10.3.1/../../../arm-none-eabi/lib/thumb/v7-m/nofp/libc_nano.a(lib_a-memchr-stub.o)
 .comment       0x0000000000000033       0x34 /usr/lib/gcc/arm-none-eabi/10.3.1/../../../arm-none-eabi/lib/thumb/v7-m/nofp/libc_nano.a(lib_a-mlock.o)
 .comment       0x0000000000000033       0x34 /usr/lib/gcc/arm-none-eabi/10.3.1/../../../arm-none-eabi/lib/thumb/v7-m/nofp/libc_nano.a(lib_a-nano-reallocr.o)
 .comment       0x0000000000000033       0x34 /usr/lib/gcc/arm-none-eabi/10.3.1/../../../arm-none-eabi/lib/thumb/v7-m/nofp/libc_nano.a(lib_a-readr.o)
 .comment       0x0000000000000033       0x34 /usr/lib/gcc/arm-none-eabi/10.3.1/../../../arm-none-eabi/lib/thumb/v7-m/nofp/libc_nano.a(lib_a-reent.o)
 .comment       0x0000000000000033       0x34 /usr/lib/gcc/arm-none-eabi/10.3.1/../../../arm-none-eabi/lib/thumb/v7-m/nofp/libc_nano.a(lib_a-nano-msizer.o)
 .comment       0x0000000000000033       0x34 /usr/lib/gcc/arm-none-eabi/10.3.1/thumb/v7-m/nofp/crtend.o

.debug_info     0x0000000000000000    0x2a130
 .debug_info    0x0000000000000000      0xed7 build/main.o
 .debug_info    0x0000000000000ed7      0x34e build/gpio.o
 .debug_info    0x0000000000001225      0xb40 build/i2c.o
 .debug_info    0x0000000000001d65      0x8e7 build/usart.o
 .debug_info    0x000000000000264c      0x757 build/stm32f1xx_it.o
 .debug_info    0x0000000000002da3      0x22c build/stm32f1xx_hal_msp.o
 .debug_info    0x0000000000002fcf     0x3c89 build/stm32f1xx_hal_i2c.o
 .debug_info    0x0000000000006c58      0x849 build/stm32f1xx_hal.o
 .debug_info    0x00000000000074a1      0xacc build/stm32f1xx_hal_rcc.o
 .debug_info    0x0000000000007f6d      0x6bf build/stm32f1xx_hal_gpio.o
 .debug_info    0x000000000000862c      0x8b4 build/stm32f1xx_hal_dma.o
 .debug_info    0x0000000000008ee0      0xe09 build/stm32f1xx_hal_cortex.o
 .debug_info    0x0000000000009ce9     0x4280 build/stm32f1xx_hal_uart.o
 .debug_info    0x000000000000df69      0x256 build/system_stm32f1xx.o
 .debug_info    0x000000000000e1bf      0x16d build/sysmem.o
 .debug_info    0x000000000000e32c      0x835 build/syscalls.o
 .debug_info    0x000000000000eb61      0x919 build/spi.o
 .debug_info    0x000000000000f47a     0x1dd4 build/stm32f1xx_hal_spi.o
 .debug_info    0x000000000001124e      0xe53 build/i2c_slave.o
 .debug_info    0x00000000000120a1     0x10b9 build/flash.o
 .debug_info    0x000000000001315a      0x70a build/rs8.o
 .debug_info    0x0000000000013864     0x2256 build/ssdv.o
 .debug_info    0x0000000000015aba     0x1a8b build/camera.o
 .debug_info    0x0000000000017545      0x574 build/watchdog.o
 .debug_info    0x0000000000017ab9       0x22 build/startup_stm32f103xb.o
 .debug_info    0x0000000000017adb      0x7ae /usr/lib/gcc/arm-none-eabi/10.3.1/../../../arm-none-eabi/lib/thumb/v7-m/nofp/libc_nano.a(lib_a-errno.o)
 .debug_info    0x0000000000018289      0x863 /usr/lib/gcc/arm-none-eabi/10.3.1/../../../arm-none-eabi/lib/thumb/v7-m/nofp/libc_nano.a(lib_a-impure.o)
 .debug_info    0x0000000000018aec      0x11a /usr/lib/gcc/arm-none-eabi/10.3.1/../../../arm-none-eabi/lib/thumb/v7-m/nofp/libc_nano.a(lib_a-init.o)
 .debug_info    0x0000000000018c06       0x26 /usr/lib/gcc/arm-none-eabi/10.3.1/../../../arm-none-eabi/lib/thumb/v7-m/nofp/libc_nano.a(lib_a-memcpy.o)
 .debug_info    0x0000000000018c2c      0x152 /usr/lib/gcc/arm-none-eabi/10.3.1/../../../arm-none-eabi/lib/thumb/v7-m/nofp/libc_nano.a(lib_a-memmove.o)
 .debug_info    0x0000000000018d7e      0x137 /usr/lib/gcc/arm-none-eabi/10.3.1/../../../arm-none-eabi/lib/thumb/v7-m/nofp/libc_nano.a(lib_a-memset.o)
 .debug_info    0x0000000000018eb5      0x8fd /usr/lib/gcc/arm-none-eabi/10.3.1/../../../arm-none-eabi/lib/thumb/v7-m/nofp/libc_nano.a(lib_a-printf.o)
 .debug_info    0x00000000000197b2      0x886 /usr/lib/gcc/arm-none-eabi/10.3.1/../../../arm-none-eabi/lib/thumb/v7-m/nofp/libc_nano.a(lib_a-putchar.o)
 .debug_info    0x000000000001a038      0xa4e /usr/lib/gcc/arm-none-eabi/10.3.1/../../../arm-none-eabi/lib/thumb/v7-m/nofp/libc_nano.a(lib_a-puts.o)
 .debug_info    0x000000000001aa86      0x998 /usr/lib/gcc/arm-none-eabi/10.3.1/../../../arm-none-eabi/lib/thumb/v7-m/nofp/libc_nano.a(lib_a-wbuf.o)
 .debug_info    0x000000000001b41e      0x902 /usr/lib/gcc/arm-none-eabi/10.3.1/../../../arm-none-eabi/lib/thumb/v7-m/nofp/libc_nano.a(lib_a-wsetup.o)
 .debug_info    0x000000000001bd20      0xb0a /usr/lib/gcc/arm-none-eabi/10.3.1/../../../arm-none-eabi/lib/thumb/v7-m/nofp/libc_nano.a(lib_a-fflush.o)
 .debug_info    0x000000000001c82a      0xfae /usr/lib/gcc/arm-none-eabi/10.3.1/../../../arm-none-eabi/lib/thumb/v7-m/nofp/libc_nano.a(lib_a-findfp.o)
 .debug_info    0x000000000001d7d8      0x900 /usr/lib/gcc/arm-none-eabi/10.3.1/../../../arm-none-eabi/lib/thumb/v7-m/nofp/libc_nano.a(lib_a-fwalk.o)
 .debug_info    0x000000000001e0d8      0xc8a /usr/lib/gcc/arm-none-eabi/10.3.1/../../../arm-none-eabi/lib/thumb/v7-m/nofp/libc_nano.a(lib_a-makebuf.o)
 .debug_info    0x000000000001ed62      0x940 /usr/lib/gcc/arm-none-eabi/10.3.1/../../../arm-none-eabi/lib/thumb/v7-m/nofp/libc_nano.a(lib_a-nano-freer.o)
 .debug_info    0x000000000001f6a2      0xa0c /usr/lib/gcc/arm-none-eabi/10.3.1/../../../arm-none-eabi/lib/thumb/v7-m/nofp/libc_nano.a(lib_a-nano-mallocr.o)
 .debug_info    0x00000000000200ae     0x115f /usr/lib/gcc/arm-none-eabi/10.3.1/../../../arm-none-eabi/lib/thumb/v7-m/nofp/libc_nano.a(lib_a-nano-vfprintf.o)
 .debug_info    0x000000000002120d      0xe9e /usr/lib/gcc/arm-none-eabi/10.3.1/../../../arm-none-eabi/lib/thumb/v7-m/nofp/libc_nano.a(lib_a-nano-vfprintf_i.o)
 .debug_info    0x00000000000220ab      0xa45 /usr/lib/gcc/arm-none-eabi/10.3.1/../../../arm-none-eabi/lib/thumb/v7-m/nofp/libc_nano.a(lib_a-putc.o)
 .debug_info    0x0000000000022af0      0x828 /usr/lib/gcc/arm-none-eabi/10.3.1/../../../arm-none-eabi/lib/thumb/v7-m/nofp/libc_nano.a(lib_a-sbrkr.o)
 .debug_info    0x0000000000023318      0xabc /usr/lib/gcc/arm-none-eabi/10.3.1/../../../arm-none-eabi/lib/thumb/v7-m/nofp/libc_nano.a(lib_a-stdio.o)
 .debug_info    0x0000000000023dd4      0x85a /usr/lib/gcc/arm-none-eabi/10.3.1/../../../arm-none-eabi/lib/thumb/v7-m/nofp/libc_nano.a(lib_a-writer.o)
 .debug_info    0x000000000002462e      0x805 /usr/lib/gcc/arm-none-eabi/10.3.1/../../../arm-none-eabi/lib/thumb/v7-m/nofp/libc_nano.a(lib_a-closer.o)
 .debug_info    0x0000000000024e33      0xa1d /usr/lib/gcc/arm-none-eabi/10.3.1/../../../arm-none-eabi/lib/thumb/v7-m/nofp/libc_nano.a(lib_a-fstatr.o)
 .debug_info    0x0000000000025850      0xb54 /usr/lib/gcc/arm-none-eabi/10.3.1/../../../arm-none-eabi/lib/thumb/v7-m/nofp/libc_nano.a(lib_a-fvwrite.o)
 .debug_info    0x00000000000263a4      0x805 /usr/lib/gcc/arm-none-eabi/10.3.1/../../../arm-none-eabi/lib/thumb/v7-m/nofp/libc_nano.a(lib_a-isattyr.o)
 .debug_info    0x0000000000026ba9      0x83b /usr/lib/gcc/arm-none-eabi/10.3.1/../../../arm-none-eabi/lib/thumb/v7-m/nofp/libc_nano.a(lib_a-lseekr.o)
 .debug_info    0x00000000000273e4      0x14e /usr/lib/gcc/arm-none-eabi/10.3.1/../../../arm-none-eabi/lib/thumb/v7-m/nofp/libc_nano.a(lib_a-memchr-stub.o)
 .debug_info    0x0000000000027532      0x7dc /usr/lib/gcc/arm-none-eabi/10.3.1/../../../arm-none-eabi/lib/thumb/v7-m/nofp/libc_nano.a(lib_a-mlock.o)
 .debug_info    0x0000000000027d0e      0x911 /usr/lib/gcc/arm-none-eabi/10.3.1/../../../arm-none-eabi/lib/thumb/v7-m/nofp/libc_nano.a(lib_a-nano-reallocr.o)
 .debug_info    0x000000000002861f      0x853 /usr/lib/gcc/arm-none-eabi/10.3.1/../../../arm-none-eabi/lib/thumb/v7-m/nofp/libc_nano.a(lib_a-readr.o)
 .debug_info    0x0000000000028e72      0xa7e /usr/lib/gcc/arm-none-eabi/10.3.1/../../../arm-none-eabi/lib/thumb/v7-m/nofp/libc_nano.a(lib_a-reent.o)
 .debug_info    0x00000000000298f0      0x840 /usr/lib/gcc/arm-none-eabi/10.3.1/../../../arm-none-eabi/lib/thumb/v7-m/nofp/libc_nano.a(lib_a-nano-msizer.o)

.debug_abbrev   0x0000000000000000     0x7258
 .debug_abbrev  0x0000000000000000      0x256 build/main.o
 .debug_abbrev  0x0000000000000256      0x13f build/gpio.o
 .debug_abbrev  0x0000000000000395      0x1ce build/i2c.o
 .debug_abbrev  0x0000000000000563      0x1cc build/usart.o
 .debug_abbrev  0x000000000000072f      0x157 build/stm32f1xx_it.o
 .debug_abbrev  0x0000000000000886       0xe7 build/stm32f1xx_hal_msp.o
 .debug_abbrev  0x000000000000096d      0x306 build/stm32f1xx_hal_i2c.o
 .debug_abbrev  0x0000000000000c73      0x1f7 build/stm32f1xx_hal.o
 .debug_abbrev  0x0000000000000e6a      0x2b8 build/stm32f1xx_hal_rcc.o
 .debug_abbrev  0x0000000000001122      0x222 build/stm32f1xx_hal_gpio.o
 .debug_abbrev  0x0000000000001344      0x244 build/stm32f1xx_hal_dma.o
 .debug_abbrev  0x0000000000001588      0x359 build/stm32f1xx_hal_cortex.o
 .debug_abbrev  0x00000000000018e1      0x334 build/stm32f1xx_hal_uart.o
 .debug_abbrev  0x0000000000001c15      0x140 build/system_stm32f1xx.o
 .debug_abbrev  0x0000000000001d55       0xea build/sysmem.o
 .debug_abbrev  0x0000000000001e3f      0x1c4 build/syscalls.o
 .debug_abbrev  0x0000000000002003      0x1cc build/spi.o
 .debug_abbrev  0x00000000000021cf      0x28a build/stm32f1xx_hal_spi.o
 .debug_abbrev  0x0000000000002459      0x21b build/i2c_slave.o
 .debug_abbrev  0x0000000000002674      0x20c build/flash.o
 .debug_abbrev  0x0000000000002880      0x201 build/rs8.o
 .debug_abbrev  0x0000000000002a81      0x420 build/ssdv.o
 .debug_abbrev  0x0000000000002ea1      0x2fe build/camera.o
 .debug_abbrev  0x000000000000319f      0x129 build/watchdog.o
 .debug_abbrev  0x00000000000032c8       0x12 build/startup_stm32f103xb.o
 .debug_abbrev  0x00000000000032da      0x157 /usr/lib/gcc/arm-none-eabi/10.3.1/../../../arm-none-eabi/lib/thumb/v7-m/nofp/libc_nano.a(lib_a-errno.o)
 .debug_abbrev  0x0000000000003431      0x151 /usr/lib/gcc/arm-none-eabi/10.3.1/../../../arm-none-eabi/lib/thumb/v7-m/nofp/libc_nano.a(lib_a-impure.o)
 .debug_abbrev  0x0000000000003582       0xcc /usr/lib/gcc/arm-none-eabi/10.3.1/../../../arm-none-eabi/lib/thumb/v7-m/nofp/libc_nano.a(lib_a-init.o)
 .debug_abbrev  0x000000000000364e       0x14 /usr/lib/gcc/arm-none-eabi/10.3.1/../../../arm-none-eabi/lib/thumb/v7-m/nofp/libc_nano.a(lib_a-memcpy.o)
 .debug_abbrev  0x0000000000003662       0xc0 /usr/lib/gcc/arm-none-eabi/10.3.1/../../../arm-none-eabi/lib/thumb/v7-m/nofp/libc_nano.a(lib_a-memmove.o)
 .debug_abbrev  0x0000000000003722       0xb4 /usr/lib/gcc/arm-none-eabi/10.3.1/../../../arm-none-eabi/lib/thumb/v7-m/nofp/libc_nano.a(lib_a-memset.o)
 .debug_abbrev  0x00000000000037d6      0x23e /usr/lib/gcc/arm-none-eabi/10.3.1/../../../arm-none-eabi/lib/thumb/v7-m/nofp/libc_nano.a(lib_a-printf.o)
 .debug_abbrev  0x0000000000003a14      0x207 /usr/lib/gcc/arm-none-eabi/10.3.1/../../../arm-none-eabi/lib/thumb/v7-m/nofp/libc_nano.a(lib_a-putchar.o)
 .debug_abbrev  0x0000000000003c1b      0x28e /usr/lib/gcc/arm-none-eabi/10.3.1/../../../arm-none-eabi/lib/thumb/v7-m/nofp/libc_nano.a(lib_a-puts.o)
 .debug_abbrev  0x0000000000003ea9      0x21f /usr/lib/gcc/arm-none-eabi/10.3.1/../../../arm-none-eabi/lib/thumb/v7-m/nofp/libc_nano.a(lib_a-wbuf.o)
 .debug_abbrev  0x00000000000040c8      0x1d4 /usr/lib/gcc/arm-none-eabi/10.3.1/../../../arm-none-eabi/lib/thumb/v7-m/nofp/libc_nano.a(lib_a-wsetup.o)
 .debug_abbrev  0x000000000000429c      0x2da /usr/lib/gcc/arm-none-eabi/10.3.1/../../../arm-none-eabi/lib/thumb/v7-m/nofp/libc_nano.a(lib_a-fflush.o)
 .debug_abbrev  0x0000000000004576      0x3cd /usr/lib/gcc/arm-none-eabi/10.3.1/../../../arm-none-eabi/lib/thumb/v7-m/nofp/libc_nano.a(lib_a-findfp.o)
 .debug_abbrev  0x0000000000004943      0x197 /usr/lib/gcc/arm-none-eabi/10.3.1/../../../arm-none-eabi/lib/thumb/v7-m/nofp/libc_nano.a(lib_a-fwalk.o)
 .debug_abbrev  0x0000000000004ada      0x278 /usr/lib/gcc/arm-none-eabi/10.3.1/../../../arm-none-eabi/lib/thumb/v7-m/nofp/libc_nano.a(lib_a-makebuf.o)
 .debug_abbrev  0x0000000000004d52      0x245 /usr/lib/gcc/arm-none-eabi/10.3.1/../../../arm-none-eabi/lib/thumb/v7-m/nofp/libc_nano.a(lib_a-nano-freer.o)
 .debug_abbrev  0x0000000000004f97      0x290 /usr/lib/gcc/arm-none-eabi/10.3.1/../../../arm-none-eabi/lib/thumb/v7-m/nofp/libc_nano.a(lib_a-nano-mallocr.o)
 .debug_abbrev  0x0000000000005227      0x358 /usr/lib/gcc/arm-none-eabi/10.3.1/../../../arm-none-eabi/lib/thumb/v7-m/nofp/libc_nano.a(lib_a-nano-vfprintf.o)
 .debug_abbrev  0x000000000000557f      0x25c /usr/lib/gcc/arm-none-eabi/10.3.1/../../../arm-none-eabi/lib/thumb/v7-m/nofp/libc_nano.a(lib_a-nano-vfprintf_i.o)
 .debug_abbrev  0x00000000000057db      0x260 /usr/lib/gcc/arm-none-eabi/10.3.1/../../../arm-none-eabi/lib/thumb/v7-m/nofp/libc_nano.a(lib_a-putc.o)
 .debug_abbrev  0x0000000000005a3b      0x1d6 /usr/lib/gcc/arm-none-eabi/10.3.1/../../../arm-none-eabi/lib/thumb/v7-m/nofp/libc_nano.a(lib_a-sbrkr.o)
 .debug_abbrev  0x0000000000005c11      0x1fb /usr/lib/gcc/arm-none-eabi/10.3.1/../../../arm-none-eabi/lib/thumb/v7-m/nofp/libc_nano.a(lib_a-stdio.o)
 .debug_abbrev  0x0000000000005e0c      0x1b0 /usr/lib/gcc/arm-none-eabi/10.3.1/../../../arm-none-eabi/lib/thumb/v7-m/nofp/libc_nano.a(lib_a-writer.o)
 .debug_abbrev  0x0000000000005fbc      0x1ab /usr/lib/gcc/arm-none-eabi/10.3.1/../../../arm-none-eabi/lib/thumb/v7-m/nofp/libc_nano.a(lib_a-closer.o)
 .debug_abbrev  0x0000000000006167      0x1bf /usr/lib/gcc/arm-none-eabi/10.3.1/../../../arm-none-eabi/lib/thumb/v7-m/nofp/libc_nano.a(lib_a-fstatr.o)
 .debug_abbrev  0x0000000000006326      0x1f4 /usr/lib/gcc/arm-none-eabi/10.3.1/../../../arm-none-eabi/lib/thumb/v7-m/nofp/libc_nano.a(lib_a-fvwrite.o)
 .debug_abbrev  0x000000000000651a      0x1ab /usr/lib/gcc/arm-none-eabi/10.3.1/../../../arm-none-eabi/lib/thumb/v7-m/nofp/libc_nano.a(lib_a-isattyr.o)
 .debug_abbrev  0x00000000000066c5      0x1bf /usr/lib/gcc/arm-none-eabi/10.3.1/../../../arm-none-eabi/lib/thumb/v7-m/nofp/libc_nano.a(lib_a-lseekr.o)
 .debug_abbrev  0x0000000000006884       0xd4 /usr/lib/gcc/arm-none-eabi/10.3.1/../../../arm-none-eabi/lib/thumb/v7-m/nofp/libc_nano.a(lib_a-memchr-stub.o)
 .debug_abbrev  0x0000000000006958      0x189 /usr/lib/gcc/arm-none-eabi/10.3.1/../../../arm-none-eabi/lib/thumb/v7-m/nofp/libc_nano.a(lib_a-mlock.o)
 .debug_abbrev  0x0000000000006ae1      0x1d6 /usr/lib/gcc/arm-none-eabi/10.3.1/../../../arm-none-eabi/lib/thumb/v7-m/nofp/libc_nano.a(lib_a-nano-reallocr.o)
 .debug_abbrev  0x0000000000006cb7      0x1ab /usr/lib/gcc/arm-none-eabi/10.3.1/../../../arm-none-eabi/lib/thumb/v7-m/nofp/libc_nano.a(lib_a-readr.o)
 .debug_abbrev  0x0000000000006e62      0x265 /usr/lib/gcc/arm-none-eabi/10.3.1/../../../arm-none-eabi/lib/thumb/v7-m/nofp/libc_nano.a(lib_a-reent.o)
 .debug_abbrev  0x00000000000070c7      0x191 /usr/lib/gcc/arm-none-eabi/10.3.1/../../../arm-none-eabi/lib/thumb/v7-m/nofp/libc_nano.a(lib_a-nano-msizer.o)

.debug_loc      0x0000000000000000    0x170d2
 .debug_loc     0x0000000000000000      0x13c build/main.o
 .debug_loc     0x000000000000013c       0x38 build/gpio.o
 .debug_loc     0x0000000000000174       0xeb build/i2c.o
 .debug_loc     0x000000000000025f      0x108 build/usart.o
 .debug_loc     0x0000000000000367       0x60 build/stm32f1xx_it.o
 .debug_loc     0x00000000000003c7       0x41 build/stm32f1xx_hal_msp.o
 .debug_loc     0x0000000000000408     0x4e65 build/stm32f1xx_hal_i2c.o
 .debug_loc     0x000000000000526d      0x1e1 build/stm32f1xx_hal.o
 .debug_loc     0x000000000000544e      0x790 build/stm32f1xx_hal_rcc.o
 .debug_loc     0x0000000000005bde      0x551 build/stm32f1xx_hal_gpio.o
 .debug_loc     0x000000000000612f      0x901 build/stm32f1xx_hal_dma.o
 .debug_loc     0x0000000000006a30      0x77f build/stm32f1xx_hal_cortex.o
 .debug_loc     0x00000000000071af     0x4d23 build/stm32f1xx_hal_uart.o
 .debug_loc     0x000000000000bed2       0xff build/system_stm32f1xx.o
 .debug_loc     0x000000000000bfd1       0x84 build/sysmem.o
 .debug_loc     0x000000000000c055      0x511 build/syscalls.o
 .debug_loc     0x000000000000c566      0x108 build/spi.o
 .debug_loc     0x000000000000c66e     0x22e5 build/stm32f1xx_hal_spi.o
 .debug_loc     0x000000000000e953      0x282 build/i2c_slave.o
 .debug_loc     0x000000000000ebd5      0x955 build/flash.o
 .debug_loc     0x000000000000f52a      0x870 build/rs8.o
 .debug_loc     0x000000000000fd9a     0x22d8 build/ssdv.o
 .debug_loc     0x0000000000012072      0x7f7 build/camera.o
 .debug_loc     0x0000000000012869      0x18d build/watchdog.o
 .debug_loc     0x00000000000129f6       0xba /usr/lib/gcc/arm-none-eabi/10.3.1/../../../arm-none-eabi/lib/thumb/v7-m/nofp/libc_nano.a(lib_a-init.o)
 .debug_loc     0x0000000000012ab0      0x331 /usr/lib/gcc/arm-none-eabi/10.3.1/../../../arm-none-eabi/lib/thumb/v7-m/nofp/libc_nano.a(lib_a-memmove.o)
 .debug_loc     0x0000000000012de1      0x22c /usr/lib/gcc/arm-none-eabi/10.3.1/../../../arm-none-eabi/lib/thumb/v7-m/nofp/libc_nano.a(lib_a-memset.o)
 .debug_loc     0x000000000001300d       0x98 /usr/lib/gcc/arm-none-eabi/10.3.1/../../../arm-none-eabi/lib/thumb/v7-m/nofp/libc_nano.a(lib_a-printf.o)
 .debug_loc     0x00000000000130a5      0x13e /usr/lib/gcc/arm-none-eabi/10.3.1/../../../arm-none-eabi/lib/thumb/v7-m/nofp/libc_nano.a(lib_a-putchar.o)
 .debug_loc     0x00000000000131e3      0x258 /usr/lib/gcc/arm-none-eabi/10.3.1/../../../arm-none-eabi/lib/thumb/v7-m/nofp/libc_nano.a(lib_a-puts.o)
 .debug_loc     0x000000000001343b      0x193 /usr/lib/gcc/arm-none-eabi/10.3.1/../../../arm-none-eabi/lib/thumb/v7-m/nofp/libc_nano.a(lib_a-wbuf.o)
 .debug_loc     0x00000000000135ce       0xb7 /usr/lib/gcc/arm-none-eabi/10.3.1/../../../arm-none-eabi/lib/thumb/v7-m/nofp/libc_nano.a(lib_a-wsetup.o)
 .debug_loc     0x0000000000013685      0x4c9 /usr/lib/gcc/arm-none-eabi/10.3.1/../../../arm-none-eabi/lib/thumb/v7-m/nofp/libc_nano.a(lib_a-fflush.o)
 .debug_loc     0x0000000000013b4e      0x3d9 /usr/lib/gcc/arm-none-eabi/10.3.1/../../../arm-none-eabi/lib/thumb/v7-m/nofp/libc_nano.a(lib_a-findfp.o)
 .debug_loc     0x0000000000013f27      0x1bf /usr/lib/gcc/arm-none-eabi/10.3.1/../../../arm-none-eabi/lib/thumb/v7-m/nofp/libc_nano.a(lib_a-fwalk.o)
 .debug_loc     0x00000000000140e6      0x327 /usr/lib/gcc/arm-none-eabi/10.3.1/../../../arm-none-eabi/lib/thumb/v7-m/nofp/libc_nano.a(lib_a-makebuf.o)
 .debug_loc     0x000000000001440d      0x27f /usr/lib/gcc/arm-none-eabi/10.3.1/../../../arm-none-eabi/lib/thumb/v7-m/nofp/libc_nano.a(lib_a-nano-freer.o)
 .debug_loc     0x000000000001468c      0x3da /usr/lib/gcc/arm-none-eabi/10.3.1/../../../arm-none-eabi/lib/thumb/v7-m/nofp/libc_nano.a(lib_a-nano-mallocr.o)
 .debug_loc     0x0000000000014a66      0x779 /usr/lib/gcc/arm-none-eabi/10.3.1/../../../arm-none-eabi/lib/thumb/v7-m/nofp/libc_nano.a(lib_a-nano-vfprintf.o)
 .debug_loc     0x00000000000151df      0x6c8 /usr/lib/gcc/arm-none-eabi/10.3.1/../../../arm-none-eabi/lib/thumb/v7-m/nofp/libc_nano.a(lib_a-nano-vfprintf_i.o)
 .debug_loc     0x00000000000158a7      0x3d2 /usr/lib/gcc/arm-none-eabi/10.3.1/../../../arm-none-eabi/lib/thumb/v7-m/nofp/libc_nano.a(lib_a-putc.o)
 .debug_loc     0x0000000000015c79       0x6c /usr/lib/gcc/arm-none-eabi/10.3.1/../../../arm-none-eabi/lib/thumb/v7-m/nofp/libc_nano.a(lib_a-sbrkr.o)
 .debug_loc     0x0000000000015ce5      0x3a0 /usr/lib/gcc/arm-none-eabi/10.3.1/../../../arm-none-eabi/lib/thumb/v7-m/nofp/libc_nano.a(lib_a-stdio.o)
 .debug_loc     0x0000000000016085       0xea /usr/lib/gcc/arm-none-eabi/10.3.1/../../../arm-none-eabi/lib/thumb/v7-m/nofp/libc_nano.a(lib_a-writer.o)
 .debug_loc     0x000000000001616f       0x6c /usr/lib/gcc/arm-none-eabi/10.3.1/../../../arm-none-eabi/lib/thumb/v7-m/nofp/libc_nano.a(lib_a-closer.o)
 .debug_loc     0x00000000000161db       0x9e /usr/lib/gcc/arm-none-eabi/10.3.1/../../../arm-none-eabi/lib/thumb/v7-m/nofp/libc_nano.a(lib_a-fstatr.o)
 .debug_loc     0x0000000000016279      0x69d /usr/lib/gcc/arm-none-eabi/10.3.1/../../../arm-none-eabi/lib/thumb/v7-m/nofp/libc_nano.a(lib_a-fvwrite.o)
 .debug_loc     0x0000000000016916       0x6c /usr/lib/gcc/arm-none-eabi/10.3.1/../../../arm-none-eabi/lib/thumb/v7-m/nofp/libc_nano.a(lib_a-isattyr.o)
 .debug_loc     0x0000000000016982       0xea /usr/lib/gcc/arm-none-eabi/10.3.1/../../../arm-none-eabi/lib/thumb/v7-m/nofp/libc_nano.a(lib_a-lseekr.o)
 .debug_loc     0x0000000000016a6c      0x1f6 /usr/lib/gcc/arm-none-eabi/10.3.1/../../../arm-none-eabi/lib/thumb/v7-m/nofp/libc_nano.a(lib_a-memchr-stub.o)
 .debug_loc     0x0000000000016c62      0x133 /usr/lib/gcc/arm-none-eabi/10.3.1/../../../arm-none-eabi/lib/thumb/v7-m/nofp/libc_nano.a(lib_a-nano-reallocr.o)
 .debug_loc     0x0000000000016d95       0xea /usr/lib/gcc/arm-none-eabi/10.3.1/../../../arm-none-eabi/lib/thumb/v7-m/nofp/libc_nano.a(lib_a-readr.o)
 .debug_loc     0x0000000000016e7f      0x1cd /usr/lib/gcc/arm-none-eabi/10.3.1/../../../arm-none-eabi/lib/thumb/v7-m/nofp/libc_nano.a(lib_a-reent.o)
 .debug_loc     0x000000000001704c       0x86 /usr/lib/gcc/arm-none-eabi/10.3.1/../../../arm-none-eabi/lib/thumb/v7-m/nofp/libc_nano.a(lib_a-nano-msizer.o)

.debug_aranges  0x0000000000000000     0x12d8
 .debug_aranges
                0x0000000000000000       0x38 build/main.o
 .debug_aranges
                0x0000000000000038       0x20 build/gpio.o
 .debug_aranges
                0x0000000000000058       0x30 build/i2c.o
 .debug_aranges
                0x0000000000000088       0x30 build/usart.o
 .debug_aranges
                0x00000000000000b8       0x70 build/stm32f1xx_it.o
 .debug_aranges
                0x0000000000000128       0x20 build/stm32f1xx_hal_msp.o
 .debug_aranges
                0x0000000000000148      0x2a8 build/stm32f1xx_hal_i2c.o
 .debug_aranges
                0x00000000000003f0       0xe0 build/stm32f1xx_hal.o
 .debug_aranges
                0x00000000000004d0       0x90 build/stm32f1xx_hal_rcc.o
 .debug_aranges
                0x0000000000000560       0x58 build/stm32f1xx_hal_gpio.o
 .debug_aranges
                0x00000000000005b8       0x80 build/stm32f1xx_hal_dma.o
 .debug_aranges
                0x0000000000000638       0x90 build/stm32f1xx_hal_cortex.o
 .debug_aranges
                0x00000000000006c8      0x208 build/stm32f1xx_hal_uart.o
 .debug_aranges
                0x00000000000008d0       0x28 build/system_stm32f1xx.o
 .debug_aranges
                0x00000000000008f8       0x20 build/sysmem.o
 .debug_aranges
                0x0000000000000918       0xa8 build/syscalls.o
 .debug_aranges
                0x00000000000009c0       0x30 build/spi.o
 .debug_aranges
                0x00000000000009f0      0x1d0 build/stm32f1xx_hal_spi.o
 .debug_aranges
                0x0000000000000bc0       0x38 build/i2c_slave.o
 .debug_aranges
                0x0000000000000bf8       0x98 build/flash.o
 .debug_aranges
                0x0000000000000c90       0x28 build/rs8.o
 .debug_aranges
                0x0000000000000cb8      0x108 build/ssdv.o
 .debug_aranges
                0x0000000000000dc0       0x80 build/camera.o
 .debug_aranges
                0x0000000000000e40       0x38 build/watchdog.o
 .debug_aranges
                0x0000000000000e78       0x28 build/startup_stm32f103xb.o
 .debug_aranges
                0x0000000000000ea0       0x20 /usr/lib/gcc/arm-none-eabi/10.3.1/../../../arm-none-eabi/lib/thumb/v7-m/nofp/libc_nano.a(lib_a-errno.o)
 .debug_aranges
                0x0000000000000ec0       0x18 /usr/lib/gcc/arm-none-eabi/10.3.1/../../../arm-none-eabi/lib/thumb/v7-m/nofp/libc_nano.a(lib_a-impure.o)
 .debug_aranges
                0x0000000000000ed8       0x20 /usr/lib/gcc/arm-none-eabi/10.3.1/../../../arm-none-eabi/lib/thumb/v7-m/nofp/libc_nano.a(lib_a-init.o)
 .debug_aranges
                0x0000000000000ef8       0x20 /usr/lib/gcc/arm-none-eabi/10.3.1/../../../arm-none-eabi/lib/thumb/v7-m/nofp/libc_nano.a(lib_a-memcpy.o)
 .debug_aranges
                0x0000000000000f18       0x20 /usr/lib/gcc/arm-none-eabi/10.3.1/../../../arm-none-eabi/lib/thumb/v7-m/nofp/libc_nano.a(lib_a-memmove.o)
 .debug_aranges
                0x0000000000000f38       0x20 /usr/lib/gcc/arm-none-eabi/10.3.1/../../../arm-none-eabi/lib/thumb/v7-m/nofp/libc_nano.a(lib_a-memset.o)
 .debug_aranges
                0x0000000000000f58       0x20 /usr/lib/gcc/arm-none-eabi/10.3.1/../../../arm-none-eabi/lib/thumb/v7-m/nofp/libc_nano.a(lib_a-printf.o)
 .debug_aranges
                0x0000000000000f78       0x20 /usr/lib/gcc/arm-none-eabi/10.3.1/../../../arm-none-eabi/lib/thumb/v7-m/nofp/libc_nano.a(lib_a-putchar.o)
 .debug_aranges
                0x0000000000000f98       0x20 /usr/lib/gcc/arm-none-eabi/10.3.1/../../../arm-none-eabi/lib/thumb/v7-m/nofp/libc_nano.a(lib_a-puts.o)
 .debug_aranges
                0x0000000000000fb8       0x20 /usr/lib/gcc/arm-none-eabi/10.3.1/../../../arm-none-eabi/lib/thumb/v7-m/nofp/libc_nano.a(lib_a-wbuf.o)
 .debug_aranges
                0x0000000000000fd8       0x20 /usr/lib/gcc/arm-none-eabi/10.3.1/../../../arm-none-eabi/lib/thumb/v7-m/nofp/libc_nano.a(lib_a-wsetup.o)
 .debug_aranges
                0x0000000000000ff8       0x20 /usr/lib/gcc/arm-none-eabi/10.3.1/../../../arm-none-eabi/lib/thumb/v7-m/nofp/libc_nano.a(lib_a-fflush.o)
 .debug_aranges
                0x0000000000001018       0x20 /usr/lib/gcc/arm-none-eabi/10.3.1/../../../arm-none-eabi/lib/thumb/v7-m/nofp/libc_nano.a(lib_a-findfp.o)
 .debug_aranges
                0x0000000000001038       0x20 /usr/lib/gcc/arm-none-eabi/10.3.1/../../../arm-none-eabi/lib/thumb/v7-m/nofp/libc_nano.a(lib_a-fwalk.o)
 .debug_aranges
                0x0000000000001058       0x20 /usr/lib/gcc/arm-none-eabi/10.3.1/../../../arm-none-eabi/lib/thumb/v7-m/nofp/libc_nano.a(lib_a-makebuf.o)
 .debug_aranges
                0x0000000000001078       0x20 /usr/lib/gcc/arm-none-eabi/10.3.1/../../../arm-none-eabi/lib/thumb/v7-m/nofp/libc_nano.a(lib_a-nano-freer.o)
 .debug_aranges
                0x0000000000001098       0x20 /usr/lib/gcc/arm-none-eabi/10.3.1/../../../arm-none-eabi/lib/thumb/v7-m/nofp/libc_nano.a(lib_a-nano-mallocr.o)
 .debug_aranges
                0x00000000000010b8       0x20 /usr/lib/gcc/arm-none-eabi/10.3.1/../../../arm-none-eabi/lib/thumb/v7-m/nofp/libc_nano.a(lib_a-nano-vfprintf.o)
 .debug_aranges
                0x00000000000010d8       0x20 /usr/lib/gcc/arm-none-eabi/10.3.1/../../../arm-none-eabi/lib/thumb/v7-m/nofp/libc_nano.a(lib_a-nano-vfprintf_i.o)
 .debug_aranges
                0x00000000000010f8       0x20 /usr/lib/gcc/arm-none-eabi/10.3.1/../../../arm-none-eabi/lib/thumb/v7-m/nofp/libc_nano.a(lib_a-putc.o)
 .debug_aranges
                0x0000000000001118       0x20 /usr/lib/gcc/arm-none-eabi/10.3.1/../../../arm-none-eabi/lib/thumb/v7-m/nofp/libc_nano.a(lib_a-sbrkr.o)
 .debug_aranges
                0x0000000000001138       0x20 /usr/lib/gcc/arm-none-eabi/10.3.1/../../../arm-none-eabi/lib/thumb/v7-m/nofp/libc_nano.a(lib_a-stdio.o)
 .debug_aranges
                0x0000000000001158       0x20 /usr/lib/gcc/arm-none-eabi/10.3.1/../../../arm-none-eabi/lib/thumb/v7-m/nofp/libc_nano.a(lib_a-writer.o)
 .debug_aranges
                0x0000000000001178       0x20 /usr/lib/gcc/arm-none-eabi/10.3.1/../../../arm-none-eabi/lib/thumb/v7-m/nofp/libc_nano.a(lib_a-closer.o)
 .debug_aranges
                0x0000000000001198       0x20 /usr/lib/gcc/arm-none-eabi/10.3.1/../../../arm-none-eabi/lib/thumb/v7-m/nofp/libc_nano.a(lib_a-fstatr.o)
 .debug_aranges
                0x00000000000011b8       0x20 /usr/lib/gcc/arm-none-eabi/10.3.1/../../../arm-none-eabi/lib/thumb/v7-m/nofp/libc_nano.a(lib_a-fvwrite.o)
 .debug_aranges
                0x00000000000011d8       0x20 /usr/lib/gcc/arm-none-eabi/10.3.1/../../../arm-none-eabi/lib/thumb/v7-m/nofp/libc_nano.a(lib_a-isattyr.o)
 .debug_aranges
                0x00000000000011f8       0x20 /usr/lib/gcc/arm-none-eabi/10.3.1/../../../arm-none-eabi/lib/thumb/v7-m/nofp/libc_nano.a(lib_a-lseekr.o)
 .debug_aranges
                0x0000000000001218       0x20 /usr/lib/gcc/arm-none-eabi/10.3.1/../../../arm-none-eabi/lib/thumb/v7-m/nofp/libc_nano.a(lib_a-memchr-stub.o)
 .debug_aranges
                0x0000000000001238       0x20 /usr/lib/gcc/arm-none-eabi/10.3.1/../../../arm-none-eabi/lib/thumb/v7-m/nofp/libc_nano.a(lib_a-mlock.o)
 .debug_aranges
                0x0000000000001258       0x20 /usr/lib/gcc/arm-none-eabi/10.3.1/../../../arm-none-eabi/lib/thumb/v7-m/nofp/libc_nano.a(lib_a-nano-reallocr.o)
 .debug_aranges
                0x0000000000001278       0x20 /usr/lib/gcc/arm-none-eabi/10.3.1/../../../arm-none-eabi/lib/thumb/v7-m/nofp/libc_nano.a(lib_a-readr.o)
 .debug_aranges
                0x0000000000001298       0x20 /usr/lib/gcc/arm-none-eabi/10.3.1/../../../arm-none-eabi/lib/thumb/v7-m/nofp/libc_nano.a(lib_a-reent.o)
 .debug_aranges
                0x00000000000012b8       0x20 /usr/lib/gcc/arm-none-eabi/10.3.1/../../../arm-none-eabi/lib/thumb/v7-m/nofp/libc_nano.a(lib_a-nano-msizer.o)

.debug_ranges   0x0000000000000000     0x1528
 .debug_ranges  0x0000000000000000       0x28 build/main.o
 .debug_ranges  0x0000000000000028       0x10 build/gpio.o
 .debug_ranges  0x0000000000000038       0x20 build/i2c.o
 .debug_ranges  0x0000000000000058       0x20 build/usart.o
 .debug_ranges  0x0000000000000078       0x60 build/stm32f1xx_it.o
 .debug_ranges  0x00000000000000d8       0x10 build/stm32f1xx_hal_msp.o
 .debug_ranges  0x00000000000000e8      0x2b0 build/stm32f1xx_hal_i2c.o
 .debug_ranges  0x0000000000000398       0xd0 build/stm32f1xx_hal.o
 .debug_ranges  0x0000000000000468       0xa0 build/stm32f1xx_hal_rcc.o
 .debug_ranges  0x0000000000000508       0x48 build/stm32f1xx_hal_gpio.o
 .debug_ranges  0x0000000000000550       0x70 build/stm32f1xx_hal_dma.o
 .debug_ranges  0x00000000000005c0       0xe0 build/stm32f1xx_hal_cortex.o
 .debug_ranges  0x00000000000006a0      0x210 build/stm32f1xx_hal_uart.o
 .debug_ranges  0x00000000000008b0       0x18 build/system_stm32f1xx.o
 .debug_ranges  0x00000000000008c8       0x10 build/sysmem.o
 .debug_ranges  0x00000000000008d8       0x98 build/syscalls.o
 .debug_ranges  0x0000000000000970       0x20 build/spi.o
 .debug_ranges  0x0000000000000990      0x1c0 build/stm32f1xx_hal_spi.o
 .debug_ranges  0x0000000000000b50       0x28 build/i2c_slave.o
 .debug_ranges  0x0000000000000b78       0x88 build/flash.o
 .debug_ranges  0x0000000000000c00       0xc0 build/rs8.o
 .debug_ranges  0x0000000000000cc0      0x1b0 build/ssdv.o
 .debug_ranges  0x0000000000000e70      0x100 build/camera.o
 .debug_ranges  0x0000000000000f70       0x28 build/watchdog.o
 .debug_ranges  0x0000000000000f98       0x20 build/startup_stm32f103xb.o
 .debug_ranges  0x0000000000000fb8       0x60 /usr/lib/gcc/arm-none-eabi/10.3.1/../../../arm-none-eabi/lib/thumb/v7-m/nofp/libc_nano.a(lib_a-puts.o)
 .debug_ranges  0x0000000000001018       0x28 /usr/lib/gcc/arm-none-eabi/10.3.1/../../../arm-none-eabi/lib/thumb/v7-m/nofp/libc_nano.a(lib_a-wbuf.o)
 .debug_ranges  0x0000000000001040       0x30 /usr/lib/gcc/arm-none-eabi/10.3.1/../../../arm-none-eabi/lib/thumb/v7-m/nofp/libc_nano.a(lib_a-wsetup.o)
 .debug_ranges  0x0000000000001070       0xb8 /usr/lib/gcc/arm-none-eabi/10.3.1/../../../arm-none-eabi/lib/thumb/v7-m/nofp/libc_nano.a(lib_a-fflush.o)
 .debug_ranges  0x0000000000001128      0x140 /usr/lib/gcc/arm-none-eabi/10.3.1/../../../arm-none-eabi/lib/thumb/v7-m/nofp/libc_nano.a(lib_a-findfp.o)
 .debug_ranges  0x0000000000001268       0xa8 /usr/lib/gcc/arm-none-eabi/10.3.1/../../../arm-none-eabi/lib/thumb/v7-m/nofp/libc_nano.a(lib_a-makebuf.o)
 .debug_ranges  0x0000000000001310       0x18 /usr/lib/gcc/arm-none-eabi/10.3.1/../../../arm-none-eabi/lib/thumb/v7-m/nofp/libc_nano.a(lib_a-nano-freer.o)
 .debug_ranges  0x0000000000001328       0x38 /usr/lib/gcc/arm-none-eabi/10.3.1/../../../arm-none-eabi/lib/thumb/v7-m/nofp/libc_nano.a(lib_a-nano-mallocr.o)
 .debug_ranges  0x0000000000001360       0x48 /usr/lib/gcc/arm-none-eabi/10.3.1/../../../arm-none-eabi/lib/thumb/v7-m/nofp/libc_nano.a(lib_a-nano-vfprintf.o)
 .debug_ranges  0x00000000000013a8       0xa8 /usr/lib/gcc/arm-none-eabi/10.3.1/../../../arm-none-eabi/lib/thumb/v7-m/nofp/libc_nano.a(lib_a-nano-vfprintf_i.o)
 .debug_ranges  0x0000000000001450       0xa8 /usr/lib/gcc/arm-none-eabi/10.3.1/../../../arm-none-eabi/lib/thumb/v7-m/nofp/libc_nano.a(lib_a-putc.o)